Archive member included because of file (symbol)

c:/freescale/kds_v3/toolchain/bin/../lib/gcc/arm-none-eabi/4.8.4/armv6-m\libgcc.a(_udivsi3.o)
                              ./utilities/fsl_debug_console.o (__aeabi_uidiv)
c:/freescale/kds_v3/toolchain/bin/../lib/gcc/arm-none-eabi/4.8.4/armv6-m\libgcc.a(_divsi3.o)
                              ./utilities/fsl_debug_console.o (__aeabi_idiv)
c:/freescale/kds_v3/toolchain/bin/../lib/gcc/arm-none-eabi/4.8.4/armv6-m\libgcc.a(_dvmd_tls.o)
                              c:/freescale/kds_v3/toolchain/bin/../lib/gcc/arm-none-eabi/4.8.4/armv6-m\libgcc.a(_udivsi3.o) (__aeabi_idiv0)
c:/freescale/kds_v3/toolchain/bin/../lib/gcc/arm-none-eabi/4.8.4/../../../../arm-none-eabi/lib/armv6-m\libg_s.a(lib_a-errno.o)
                              ./utilities/fsl_sbrk.o (__errno)
c:/freescale/kds_v3/toolchain/bin/../lib/gcc/arm-none-eabi/4.8.4/../../../../arm-none-eabi/lib/armv6-m\libg_s.a(lib_a-exit.o)
                              c:/freescale/kds_v3/toolchain/bin/../lib/gcc/arm-none-eabi/4.8.4/../../../../arm-none-eabi/lib/armv6-m/crt0.o (exit)
c:/freescale/kds_v3/toolchain/bin/../lib/gcc/arm-none-eabi/4.8.4/../../../../arm-none-eabi/lib/armv6-m\libg_s.a(lib_a-impure.o)
                              c:/freescale/kds_v3/toolchain/bin/../lib/gcc/arm-none-eabi/4.8.4/../../../../arm-none-eabi/lib/armv6-m\libg_s.a(lib_a-exit.o) (_global_impure_ptr)
c:/freescale/kds_v3/toolchain/bin/../lib/gcc/arm-none-eabi/4.8.4/../../../../arm-none-eabi/lib/armv6-m\libg_s.a(lib_a-init.o)
                              c:/freescale/kds_v3/toolchain/bin/../lib/gcc/arm-none-eabi/4.8.4/../../../../arm-none-eabi/lib/armv6-m/crt0.o (__libc_init_array)
c:/freescale/kds_v3/toolchain/bin/../lib/gcc/arm-none-eabi/4.8.4/../../../../arm-none-eabi/lib/armv6-m\libg_s.a(lib_a-memcpy-stub.o)
                              ./drivers/fsl_flash.o (memcpy)
c:/freescale/kds_v3/toolchain/bin/../lib/gcc/arm-none-eabi/4.8.4/../../../../arm-none-eabi/lib/armv6-m\libg_s.a(lib_a-memmove.o)
                              ./utilities/fsl_shell.o (memmove)
c:/freescale/kds_v3/toolchain/bin/../lib/gcc/arm-none-eabi/4.8.4/../../../../arm-none-eabi/lib/armv6-m\libg_s.a(lib_a-memset.o)
                              c:/freescale/kds_v3/toolchain/bin/../lib/gcc/arm-none-eabi/4.8.4/../../../../arm-none-eabi/lib/armv6-m/crt0.o (memset)
c:/freescale/kds_v3/toolchain/bin/../lib/gcc/arm-none-eabi/4.8.4/../../../../arm-none-eabi/lib/armv6-m\libg_s.a(lib_a-strlen.o)
                              ./utilities/fsl_debug_console.o (strlen)
c:/freescale/kds_v3/toolchain/bin/../lib/gcc/arm-none-eabi/4.8.4/../../../../arm-none-eabi/lib/armv6-m\libnosys.a(_exit.o)
                              c:/freescale/kds_v3/toolchain/bin/../lib/gcc/arm-none-eabi/4.8.4/../../../../arm-none-eabi/lib/armv6-m\libg_s.a(lib_a-exit.o) (_exit)

Allocating common symbols
Common symbol       size              file

Test_PIN_Setup      0x2               ./InitApp/Initapp.o
Test_PIN            0x2               ./InitApp/Initapp.o
re_mngExecflag      0x1               ./Schr/schm_trm_isr.o
g_xtal32Freq        0x4               ./drivers/fsl_clock.o
ruw_curOpMode       0x2               ./Schr/Schr.o
g_xtal0Freq         0x4               ./drivers/fsl_clock.o

Discarded input sections

 .text          0x00000000        0x0 c:/freescale/kds_v3/toolchain/bin/../lib/gcc/arm-none-eabi/4.8.4/armv6-m/crti.o
 .data          0x00000000        0x0 c:/freescale/kds_v3/toolchain/bin/../lib/gcc/arm-none-eabi/4.8.4/armv6-m/crti.o
 .bss           0x00000000        0x0 c:/freescale/kds_v3/toolchain/bin/../lib/gcc/arm-none-eabi/4.8.4/armv6-m/crti.o
 .data          0x00000000        0x4 c:/freescale/kds_v3/toolchain/bin/../lib/gcc/arm-none-eabi/4.8.4/armv6-m/crtbegin.o
 .data          0x00000000        0x0 c:/freescale/kds_v3/toolchain/bin/../lib/gcc/arm-none-eabi/4.8.4/../../../../arm-none-eabi/lib/armv6-m/crt0.o
 .bss           0x00000000        0x0 c:/freescale/kds_v3/toolchain/bin/../lib/gcc/arm-none-eabi/4.8.4/../../../../arm-none-eabi/lib/armv6-m/crt0.o
 .ARM.extab     0x00000000        0x0 c:/freescale/kds_v3/toolchain/bin/../lib/gcc/arm-none-eabi/4.8.4/../../../../arm-none-eabi/lib/armv6-m/crt0.o
 .group         0x00000000        0x8 ./utilities/fsl_debug_console.o
 .group         0x00000000        0x8 ./utilities/fsl_debug_console.o
 .group         0x00000000        0x8 ./utilities/fsl_debug_console.o
 .group         0x00000000        0x8 ./utilities/fsl_debug_console.o
 .group         0x00000000        0x8 ./utilities/fsl_debug_console.o
 .group         0x00000000        0x8 ./utilities/fsl_debug_console.o
 .group         0x00000000        0x8 ./utilities/fsl_debug_console.o
 .group         0x00000000        0x8 ./utilities/fsl_debug_console.o
 .group         0x00000000        0x8 ./utilities/fsl_debug_console.o
 .group         0x00000000        0x8 ./utilities/fsl_debug_console.o
 .group         0x00000000        0x8 ./utilities/fsl_debug_console.o
[...]
Memory Configuration

Name             Origin             Length             Attributes
m_interrupts     0x00000000         0x00000200         xr
m_flash_config   0x00000400         0x00000010         xr
m_text           0x00000410         0x0001fbf0         xr
m_data           0x1ffff000         0x00004000         rw
*default*        0x00000000         0xffffffff

Linker script and memory map

LOAD c:/freescale/kds_v3/toolchain/bin/../lib/gcc/arm-none-eabi/4.8.4/armv6-m/crti.o
LOAD c:/freescale/kds_v3/toolchain/bin/../lib/gcc/arm-none-eabi/4.8.4/armv6-m/crtbegin.o
LOAD c:/freescale/kds_v3/toolchain/bin/../lib/gcc/arm-none-eabi/4.8.4/../../../../arm-none-eabi/lib/armv6-m/crt0.o
LOAD ./utilities/fsl_debug_console.o
LOAD ./utilities/fsl_notifier.o
LOAD ./utilities/fsl_sbrk.o
LOAD ./utilities/fsl_shell.o
LOAD ./startup/startup_MKL25Z4.o
LOAD ./startup/system_MKL25Z4.o
LOAD ./source/main.o
LOAD ./drivers/fsl_adc16.o
LOAD ./drivers/fsl_clock.o
LOAD ./drivers/fsl_cmp.o
LOAD ./drivers/fsl_common.o
LOAD ./drivers/fsl_cop.o
LOAD ./drivers/fsl_dac.o
LOAD ./drivers/fsl_dma.o
LOAD ./drivers/fsl_dmamux.o
LOAD ./drivers/fsl_flash.o
LOAD ./drivers/fsl_gpio.o
LOAD ./drivers/fsl_i2c.o
LOAD ./drivers/fsl_i2c_dma.o
LOAD ./drivers/fsl_llwu.o
LOAD ./drivers/fsl_lpsci.o
LOAD ./drivers/fsl_lpsci_dma.o
LOAD ./drivers/fsl_lptmr.o
LOAD ./drivers/fsl_pit.o
LOAD ./drivers/fsl_pmc.o
LOAD ./drivers/fsl_rcm.o
LOAD ./drivers/fsl_rtc.o
LOAD ./drivers/fsl_sim.o
LOAD ./drivers/fsl_smc.o
LOAD ./drivers/fsl_spi.o
LOAD ./drivers/fsl_spi_dma.o
LOAD ./drivers/fsl_tpm.o
LOAD ./drivers/fsl_tsi_v4.o
LOAD ./drivers/fsl_uart.o
LOAD ./drivers/fsl_uart_dma.o
LOAD ./board/board.o
LOAD ./board/clock_config.o
LOAD ./board/pin_mux.o
LOAD ./apptasks/apptasks.o
LOAD ./Schr/Schr.o
LOAD ./Schr/schm_trm_isr.o
LOAD ./InitApp/Initapp.o
LOAD c:/freescale/kds_v3/toolchain/bin/../lib/gcc/arm-none-eabi/4.8.4/../../../../arm-none-eabi/lib/armv6-m\libstdc++_s.a
LOAD c:/freescale/kds_v3/toolchain/bin/../lib/gcc/arm-none-eabi/4.8.4/../../../../arm-none-eabi/lib/armv6-m\libm.a
START GROUP
LOAD c:/freescale/kds_v3/toolchain/bin/../lib/gcc/arm-none-eabi/4.8.4/armv6-m\libgcc.a
LOAD c:/freescale/kds_v3/toolchain/bin/../lib/gcc/arm-none-eabi/4.8.4/../../../../arm-none-eabi/lib/armv6-m\libg_s.a
LOAD c:/freescale/kds_v3/toolchain/bin/../lib/gcc/arm-none-eabi/4.8.4/../../../../arm-none-eabi/lib/armv6-m\libc_s.a
END GROUP
START GROUP
LOAD c:/freescale/kds_v3/toolchain/bin/../lib/gcc/arm-none-eabi/4.8.4/armv6-m\libgcc.a
LOAD c:/freescale/kds_v3/toolchain/bin/../lib/gcc/arm-none-eabi/4.8.4/../../../../arm-none-eabi/lib/armv6-m\libc_s.a
LOAD c:/freescale/kds_v3/toolchain/bin/../lib/gcc/arm-none-eabi/4.8.4/../../../../arm-none-eabi/lib/armv6-m\libnosys.a
END GROUP
START GROUP
LOAD c:/freescale/kds_v3/toolchain/bin/../lib/gcc/arm-none-eabi/4.8.4/armv6-m\libgcc.a
LOAD c:/freescale/kds_v3/toolchain/bin/../lib/gcc/arm-none-eabi/4.8.4/../../../../arm-none-eabi/lib/armv6-m\libc_s.a
LOAD c:/freescale/kds_v3/toolchain/bin/../lib/gcc/arm-none-eabi/4.8.4/../../../../arm-none-eabi/lib/armv6-m\libnosys.a
END GROUP
LOAD c:/freescale/kds_v3/toolchain/bin/../lib/gcc/arm-none-eabi/4.8.4/armv6-m/crtend.o
LOAD c:/freescale/kds_v3/toolchain/bin/../lib/gcc/arm-none-eabi/4.8.4/armv6-m/crtn.o
                0x00000400                HEAP_SIZE = DEFINED (__heap_size__)?__heap_size__:0x400
                0x00000400                STACK_SIZE = DEFINED (__stack_size__)?__stack_size__:0x400
                0x00000000                M_VECTOR_RAM_SIZE = DEFINED (__ram_vector_table__)?0x200:0x0

.interrupts     0x00000000       0xc0
                0x00000000                __VECTOR_TABLE = .
                0x00000000                . = ALIGN (0x4)
 *(.isr_vector)
 .isr_vector    0x00000000       0xc0 ./startup/startup_MKL25Z4.o
                0x00000000                __isr_vector
                0x000000c0                . = ALIGN (0x4)

.flash_config   0x00000400       0x10
                0x00000400                . = ALIGN (0x4)
 *(.FlashConfig)
 .FlashConfig   0x00000400       0x10 ./startup/startup_MKL25Z4.o
                0x00000410                . = ALIGN (0x4)

.text           0x00000410     0x2e60
                0x00000410                . = ALIGN (0x4)
 *(.text)
 .text          0x00000410       0x60 c:/freescale/kds_v3/toolchain/bin/../lib/gcc/arm-none-eabi/4.8.4/armv6-m/crtbegin.o
 .text          0x00000470       0x78 c:/freescale/kds_v3/toolchain/bin/../lib/gcc/arm-none-eabi/4.8.4/../../../../arm-none-eabi/lib/armv6-m/crt0.o
                0x00000470                _start
                0x00000470                _mainCRTStartup
 .text          0x000004e8       0xc8 ./startup/startup_MKL25Z4.o
                0x000004e8                Reset_Handler
                0x00000528                Reserved45_IRQHandler
                0x00000528                USB0_IRQHandler
                0x00000528                Reserved20_IRQHandler
                0x00000528                TPM1_IRQHandler
                0x00000528                CMP0_IRQHandler
                0x00000528                LPTMR0_IRQHandler
                0x00000528                FTFA_IRQHandler
                0x00000528                TPM0_IRQHandler
                0x00000528                LLWU_IRQHandler
                0x00000528                TSI0_IRQHandler
                0x00000528                PORTA_IRQHandler
                0x00000528                ADC0_IRQHandler
                0x00000528                Reserved39_IRQHandler
                0x00000528                LVD_LVW_IRQHandler
                0x00000528                DefaultISR
                0x00000528                PORTD_IRQHandler
                0x00000528                TPM2_IRQHandler
                0x00000528                RTC_IRQHandler
                0x00000528                MCG_IRQHandler
                0x00000528                RTC_Seconds_IRQHandler
                0x00000528                DAC0_IRQHandler
                0x0000052c                NMI_Handler
                0x00000530                HardFault_Handler
                0x00000534                SVC_Handler
                0x00000538                PendSV_Handler
                0x0000053c                SysTick_Handler
                0x00000540                DMA0_IRQHandler
                0x00000544                DMA1_IRQHandler
                0x00000548                DMA2_IRQHandler
                0x0000054c                DMA3_IRQHandler
                0x00000550                I2C0_IRQHandler
                0x00000554                I2C1_IRQHandler
                0x00000558                SPI0_IRQHandler
                0x0000055c                SPI1_IRQHandler
                0x00000560                UART0_IRQHandler
                0x00000564                UART1_IRQHandler
                0x00000568                UART2_IRQHandler
 .text          0x000005b0       0x9c c:/freescale/kds_v3/toolchain/bin/../lib/gcc/arm-none-eabi/4.8.4/armv6-m\libgcc.a(_udivsi3.o)
                0x000005b0                __aeabi_uidiv
                0x000005b0                __udivsi3
                0x00000638                __aeabi_uidivmod
 .text          0x0000064c       0xc0 c:/freescale/kds_v3/toolchain/bin/../lib/gcc/arm-none-eabi/4.8.4/armv6-m\libgcc.a(_divsi3.o)
                0x0000064c                __divsi3
                0x0000064c                __aeabi_idiv
                0x000006f8                __aeabi_idivmod
 .text          0x0000070c        0x4 c:/freescale/kds_v3/toolchain/bin/../lib/gcc/arm-none-eabi/4.8.4/armv6-m\libgcc.a(_dvmd_tls.o)
                0x0000070c                __aeabi_idiv0
                0x0000070c                __aeabi_ldiv0
 *(.text*)
 .text.UART_EnableTx
                0x00000710       0x40 ./utilities/fsl_debug_console.o
 .text.UART_EnableRx
                0x00000750       0x40 ./utilities/fsl_debug_console.o
 .text.LPSCI_EnableTx
                0x00000790       0x40 ./utilities/fsl_debug_console.o
 .text.LPSCI_EnableRx
                0x000007d0       0x40 ./utilities/fsl_debug_console.o
 .text.DbgConsole_Init
                0x00000810       0xf8 ./utilities/fsl_debug_console.o
                0x00000810                DbgConsole_Init
 .text.DbgConsole_Printf
                0x00000908       0x48 ./utilities/fsl_debug_console.o
                0x00000908                DbgConsole_Printf
 .text.DbgConsole_Putchar
                0x00000950       0x38 ./utilities/fsl_debug_console.o
                0x00000950                DbgConsole_Putchar
 .text.DbgConsole_PrintfPaddingCharacter
                0x00000988       0x48 ./utilities/fsl_debug_console.o
 .text.DbgConsole_ConvertRadixNumToString
                0x000009d0      0x118 ./utilities/fsl_debug_console.o
 .text.DbgConsole_PrintfFormattedData
                0x00000ae8      0x378 ./utilities/fsl_debug_console.o
 .text.SystemInit
                0x00000e60       0x18 ./startup/system_MKL25Z4.o
                0x00000e60                SystemInit
 .text.main     0x00000e78       0x24 ./source/main.o
                0x00000e78                main
 .text.CLOCK_SetEr32kClock
                0x00000e9c       0x30 ./drivers/fsl_clock.o
 .text.CLOCK_SetPllFllSelClock
                0x00000ecc       0x38 ./drivers/fsl_clock.o
 .text.OSC_SetExtRefClkConfig
                0x00000f04       0x48 ./drivers/fsl_clock.o
 .text.OSC_SetCapLoad
                0x00000f4c       0x4c ./drivers/fsl_clock.o
 .text.CLOCK_GetMcgExtClkFreq
                0x00000f98       0x34 ./drivers/fsl_clock.o
 .text.CLOCK_GetFllExtRefClkFreq
                0x00000fcc       0xa4 ./drivers/fsl_clock.o
 .text.CLOCK_GetInternalRefClkSelectFreq
                0x00001070       0x44 ./drivers/fsl_clock.o
 .text.CLOCK_GetFllRefClkFreq
                0x000010b4       0x30 ./drivers/fsl_clock.o
 .text.CLOCK_GetPll0RefFreq
                0x000010e4       0x10 ./drivers/fsl_clock.o
 .text.CLOCK_GetOscRangeFromFreq
                0x000010f4       0x4c ./drivers/fsl_clock.o
 .text.CLOCK_GetCoreSysClkFreq
                0x00001140       0x2c ./drivers/fsl_clock.o
                0x00001140                CLOCK_GetCoreSysClkFreq
 .text.CLOCK_SetSimConfig
                0x0000116c       0x34 ./drivers/fsl_clock.o
                0x0000116c                CLOCK_SetSimConfig
 .text.CLOCK_GetOutClkFreq
                0x000011a0       0x64 ./drivers/fsl_clock.o
                0x000011a0                CLOCK_GetOutClkFreq
 .text.CLOCK_GetFllFreq
                0x00001204       0x7c ./drivers/fsl_clock.o
                0x00001204                CLOCK_GetFllFreq
 .text.CLOCK_GetPll0Freq
                0x00001280       0x80 ./drivers/fsl_clock.o
                0x00001280                CLOCK_GetPll0Freq
 .text.CLOCK_SetExternalRefClkConfig
                0x00001300       0x40 ./drivers/fsl_clock.o
                0x00001300                CLOCK_SetExternalRefClkConfig
 .text.CLOCK_SetInternalRefClkConfig
                0x00001340      0x120 ./drivers/fsl_clock.o
                0x00001340                CLOCK_SetInternalRefClkConfig
 .text.CLOCK_EnablePll0
                0x00001460       0xa4 ./drivers/fsl_clock.o
                0x00001460                CLOCK_EnablePll0
 .text.CLOCK_InitOsc0
                0x00001504       0x98 ./drivers/fsl_clock.o
                0x00001504                CLOCK_InitOsc0
 .text.CLOCK_SetPbeMode
                0x0000159c       0xa0 ./drivers/fsl_clock.o
                0x0000159c                CLOCK_SetPbeMode
 .text.CLOCK_BootToPeeMode
                0x0000163c       0x80 ./drivers/fsl_clock.o
                0x0000163c                CLOCK_BootToPeeMode
 .text.__assert_func
                0x000016bc       0x28 ./drivers/fsl_common.o
                0x000016bc                __assert_func
 .text.DMA_ClearChannelStatusFlags
                0x000016e4       0x60 ./drivers/fsl_dma.o
 .text.DMA_HandleIRQ
                0x00001744       0x60 ./drivers/fsl_dma.o
                0x00001744                DMA_HandleIRQ
 .text.DMA0_DriverIRQHandler
                0x000017a4       0x18 ./drivers/fsl_dma.o
                0x000017a4                DMA0_DriverIRQHandler
 .text.DMA1_DriverIRQHandler
                0x000017bc       0x18 ./drivers/fsl_dma.o
                0x000017bc                DMA1_DriverIRQHandler
 .text.DMA2_DriverIRQHandler
                0x000017d4       0x18 ./drivers/fsl_dma.o
                0x000017d4                DMA2_DriverIRQHandler
 .text.DMA3_DriverIRQHandler
                0x000017ec       0x18 ./drivers/fsl_dma.o
                0x000017ec                DMA3_DriverIRQHandler
 .text.GPIO_WritePinOutput
                0x00001804       0x40 ./drivers/fsl_gpio.o
 .text.GPIO_PinInit
                0x00001844       0x78 ./drivers/fsl_gpio.o
                0x00001844                GPIO_PinInit
 .text.I2C_TransferCommonIRQHandler
                0x000018bc       0x54 ./drivers/fsl_i2c.o
 .text.I2C0_DriverIRQHandler
                0x00001910       0x20 ./drivers/fsl_i2c.o
                0x00001910                I2C0_DriverIRQHandler
 .text.I2C1_DriverIRQHandler
                0x00001930       0x20 ./drivers/fsl_i2c.o
                0x00001930                I2C1_DriverIRQHandler
 .text.CLOCK_EnableClock
                0x00001950       0x34 ./drivers/fsl_lpsci.o
 .text.LPSCI_GetInstance
                0x00001984       0x54 ./drivers/fsl_lpsci.o
                0x00001984                LPSCI_GetInstance
 .text.LPSCI_Init
                0x000019d8      0x280 ./drivers/fsl_lpsci.o
                0x000019d8                LPSCI_Init
 .text.LPSCI_GetDefaultConfig
                0x00001c58       0x50 ./drivers/fsl_lpsci.o
                0x00001c58                LPSCI_GetDefaultConfig
 .text.LPSCI_GetStatusFlags
                0x00001ca8       0x28 ./drivers/fsl_lpsci.o
                0x00001ca8                LPSCI_GetStatusFlags
 .text.LPSCI_ClearStatusFlags
                0x00001cd0       0x98 ./drivers/fsl_lpsci.o
                0x00001cd0                LPSCI_ClearStatusFlags
 .text.LPSCI_WriteBlocking
                0x00001d68       0x5c ./drivers/fsl_lpsci.o
                0x00001d68                LPSCI_WriteBlocking
 .text.LPSCI_ReadBlocking
                0x00001dc4       0xd4 ./drivers/fsl_lpsci.o
                0x00001dc4                LPSCI_ReadBlocking
 .text.UART0_DriverIRQHandler
                0x00001e98       0x24 ./drivers/fsl_lpsci.o
                0x00001e98                UART0_DriverIRQHandler
 .text.CLOCK_EnableClock
                0x00001ebc       0x34 ./drivers/fsl_pit.o
 .text.PIT_GetInstance
                0x00001ef0       0x54 ./drivers/fsl_pit.o
 .text.PIT_Init
                0x00001f44       0x7c ./drivers/fsl_pit.o
                0x00001f44                PIT_Init
 .text.SPI0_DriverIRQHandler
                0x00001fc0       0x48 ./drivers/fsl_spi.o
                0x00001fc0                SPI0_DriverIRQHandler
 .text.SPI1_DriverIRQHandler
                0x00002008       0x48 ./drivers/fsl_spi.o
                0x00002008                SPI1_DriverIRQHandler
 .text.CLOCK_EnableClock
                0x00002050       0x34 ./drivers/fsl_uart.o
 .text.UART_GetInstance
                0x00002084       0x60 ./drivers/fsl_uart.o
                0x00002084                UART_GetInstance
 .text.UART_Init
                0x000020e4      0x210 ./drivers/fsl_uart.o
                0x000020e4                UART_Init
 .text.UART_GetDefaultConfig
                0x000022f4       0x50 ./drivers/fsl_uart.o
                0x000022f4                UART_GetDefaultConfig
 .text.UART_GetStatusFlags
                0x00002344       0x28 ./drivers/fsl_uart.o
                0x00002344                UART_GetStatusFlags
 .text.UART_WriteBlocking
                0x0000236c       0x3c ./drivers/fsl_uart.o
                0x0000236c                UART_WriteBlocking
 .text.UART_ReadBlocking
                0x000023a8       0xac ./drivers/fsl_uart.o
                0x000023a8                UART_ReadBlocking
 .text.UART1_DriverIRQHandler
                0x00002454       0x24 ./drivers/fsl_uart.o
                0x00002454                UART1_DriverIRQHandler
 .text.UART2_DriverIRQHandler
                0x00002478       0x24 ./drivers/fsl_uart.o
                0x00002478                UART2_DriverIRQHandler
 .text.CLOCK_SetLpsci0Clock
                0x0000249c       0x38 ./board/board.o
 .text.BOARD_InitDebugConsole
                0x000024d4       0x30 ./board/board.o
                0x000024d4                BOARD_InitDebugConsole
 .text.CLOCK_SetSimSafeDivs
                0x00002504       0x1c ./board/clock_config.o
 .text.CLOCK_SetXtal0Freq
                0x00002520       0x18 ./board/clock_config.o
 .text.BOARD_BootClockRUN
                0x00002538       0x68 ./board/clock_config.o
                0x00002538                BOARD_BootClockRUN
 .text.BOARD_InitOsc0
                0x000025a0       0x2c ./board/clock_config.o
                0x000025a0                BOARD_InitOsc0
 .text.CLOCK_EnableClock
                0x000025cc       0x34 ./board/pin_mux.o
 .text.PORT_SetPinMux
                0x00002600       0x3c ./board/pin_mux.o
 .text.BOARD_InitPins
                0x0000263c       0x30 ./board/pin_mux.o
                0x0000263c                BOARD_InitPins
 .text.GPIO_TogglePinsOutput
                0x0000266c       0x18 ./apptasks/apptasks.o
 .text.apptask_5ms
                0x00002684        0x8 ./apptasks/apptasks.o
                0x00002684                apptask_5ms
 .text.apptask_20ms
                0x0000268c       0x18 ./apptasks/apptasks.o
                0x0000268c                apptask_20ms
 .text.apptask_100ms
                0x000026a4        0x8 ./apptasks/apptasks.o
                0x000026a4                apptask_100ms
 .text.apptask_1s
                0x000026ac        0x8 ./apptasks/apptasks.o
                0x000026ac                apptask_1s
 .text.apptask_idle
                0x000026b4        0x8 ./apptasks/apptasks.o
                0x000026b4                apptask_idle
 .text.NVIC_EnableIRQ
                0x000026bc       0x2c ./Schr/Schr.o
 .text.EnableIRQ
                0x000026e8       0x20 ./Schr/Schr.o
 .text.PIT_EnableInterrupts
                0x00002708       0x44 ./Schr/Schr.o
 .text.PIT_ClearStatusFlags
                0x0000274c       0x30 ./Schr/Schr.o
 .text.PIT_SetTimerPeriod
                0x0000277c       0x28 ./Schr/Schr.o
 .text.PIT_StartTimer
                0x000027a4       0x3c ./Schr/Schr.o
 .text.Schr_Init
                0x000027e0       0x64 ./Schr/Schr.o
                0x000027e0                Schr_Init
 .text.Schr_Exec
                0x00002844      0x128 ./Schr/Schr.o
                0x00002844                Schr_Exec
 .text.PIT_IRQHandler
                0x0000296c       0x24 ./Schr/Schr.o
                0x0000296c                PIT_IRQHandler
 .text.CLOCK_EnableClock
                0x00002990       0x34 ./InitApp/Initapp.o
 .text.GPIO_SetPinsOutput
                0x000029c4       0x18 ./InitApp/Initapp.o
 .text.COP_Disable
                0x000029dc       0x24 ./InitApp/Initapp.o
 .text.PORT_SetPinConfig
                0x00002a00       0x44 ./InitApp/Initapp.o
 .text.InitApp1
                0x00002a44       0x30 ./InitApp/Initapp.o
                0x00002a44                InitApp1
 .text.InitApp2
                0x00002a74        0x8 ./InitApp/Initapp.o
                0x00002a74                InitApp2
 .text.TestPin_Cfg
                0x00002a7c       0x2c ./InitApp/Initapp.o
                0x00002a7c                TestPin_Cfg
 .text.TestPin_Setup
                0x00002aa8       0x60 ./InitApp/Initapp.o
                0x00002aa8                TestPin_Setup
 .text.exit     0x00002b08       0x2c c:/freescale/kds_v3/toolchain/bin/../lib/gcc/arm-none-eabi/4.8.4/../../../../arm-none-eabi/lib/armv6-m\libg_s.a(lib_a-exit.o)
                0x00002b08                exit
 .text.__libc_init_array
                0x00002b34       0x4c c:/freescale/kds_v3/toolchain/bin/../lib/gcc/arm-none-eabi/4.8.4/../../../../arm-none-eabi/lib/armv6-m\libg_s.a(lib_a-init.o)
                0x00002b34                __libc_init_array
 .text.memset   0x00002b80       0x10 c:/freescale/kds_v3/toolchain/bin/../lib/gcc/arm-none-eabi/4.8.4/../../../../arm-none-eabi/lib/armv6-m\libg_s.a(lib_a-memset.o)
                0x00002b80                memset
 .text.strlen   0x00002b90        0xe c:/freescale/kds_v3/toolchain/bin/../lib/gcc/arm-none-eabi/4.8.4/../../../../arm-none-eabi/lib/armv6-m\libg_s.a(lib_a-strlen.o)
                0x00002b90                strlen
 *fill*         0x00002b9e        0x2 
 .text._exit    0x00002ba0        0x4 c:/freescale/kds_v3/toolchain/bin/../lib/gcc/arm-none-eabi/4.8.4/../../../../arm-none-eabi/lib/armv6-m\libnosys.a(_exit.o)
                0x00002ba0                _exit
 *(.rodata)
 .rodata        0x00002ba4       0x48 ./drivers/fsl_clock.o
 .rodata        0x00002bec       0x40 ./drivers/fsl_common.o
 .rodata        0x00002c2c      0x140 ./drivers/fsl_dma.o
 .rodata        0x00002d6c       0x48 ./drivers/fsl_gpio.o
 .rodata        0x00002db4       0xb8 ./drivers/fsl_lpsci.o
 .rodata        0x00002e6c       0x48 ./drivers/fsl_pit.o
 .rodata        0x00002eb4       0xa0 ./drivers/fsl_spi.o
 .rodata        0x00002f54       0xac ./drivers/fsl_uart.o
 .rodata        0x00003000       0x18 ./board/clock_config.o
 .rodata        0x00003018       0x44 ./InitApp/Initapp.o
 *(.rodata*)
 .rodata.__func__.5638
                0x0000305c       0x18 ./drivers/fsl_clock.o
 .rodata.fllFactorTable.5751
                0x00003074       0x10 ./drivers/fsl_clock.o
 .rodata.__func__.5766
                0x00003084       0x14 ./drivers/fsl_clock.o
 .rodata.__func__.5809
                0x00003098       0x14 ./drivers/fsl_clock.o
 .rodata.__func__.6003
                0x000030ac       0x14 ./drivers/fsl_clock.o
 .rodata.__func__.5908
                0x000030c0       0x10 ./drivers/fsl_dma.o
 .rodata.__func__.5776
                0x000030d0       0x1c ./drivers/fsl_dma.o
 .rodata.__func__.5664
                0x000030ec       0x10 ./drivers/fsl_gpio.o
 .rodata.__func__.5822
                0x000030fc       0x14 ./drivers/fsl_lpsci.o
 .rodata.__func__.5858
                0x00003110        0xc ./drivers/fsl_lpsci.o
 .rodata.__func__.5879
                0x0000311c       0x18 ./drivers/fsl_lpsci.o
 .rodata.__func__.5924
                0x00003134       0x14 ./drivers/fsl_lpsci.o
 .rodata.__func__.5936
                0x00003148       0x14 ./drivers/fsl_lpsci.o
 .rodata.__func__.5691
                0x0000315c       0x10 ./drivers/fsl_pit.o
 .rodata.__func__.5696
                0x0000316c        0xc ./drivers/fsl_pit.o
 .rodata.__func__.5994
                0x00003178       0x18 ./drivers/fsl_spi.o
 .rodata.__func__.5998
                0x00003190       0x18 ./drivers/fsl_spi.o
 .rodata.s_uartBases
                0x000031a8        0xc ./drivers/fsl_uart.o
 .rodata.s_uartClock
                0x000031b4        0xc ./drivers/fsl_uart.o
 .rodata.__func__.5825
                0x000031c0       0x14 ./drivers/fsl_uart.o
 .rodata.__func__.5841
                0x000031d4        0xc ./drivers/fsl_uart.o
 .rodata.__func__.5854
                0x000031e0       0x18 ./drivers/fsl_uart.o
 .rodata.__func__.5912
                0x000031f8       0x14 ./drivers/fsl_uart.o
 .rodata.cps_mngTaskList
                0x0000320c       0x30 ./Schr/Schr.o
                0x0000320c                cps_mngTaskList
 .rodata.__func__.5758
                0x0000323c       0x14 ./InitApp/Initapp.o
 .rodata.str1.1
                0x00003250        0x2 c:/freescale/kds_v3/toolchain/bin/../lib/gcc/arm-none-eabi/4.8.4/../../../../arm-none-eabi/lib/armv6-m\libg_s.a(lib_a-impure.o)
 *fill*         0x00003252        0x2 
 .rodata._global_impure_ptr
                0x00003254        0x4 c:/freescale/kds_v3/toolchain/bin/../lib/gcc/arm-none-eabi/4.8.4/../../../../arm-none-eabi/lib/armv6-m\libg_s.a(lib_a-impure.o)
                0x00003254                _global_impure_ptr
 *(.glue_7)
 .glue_7        0x00000000        0x0 linker stubs
 *(.glue_7t)
 .glue_7t       0x00000000        0x0 linker stubs
 *(.eh_frame)
 .eh_frame      0x00003258        0x0 c:/freescale/kds_v3/toolchain/bin/../lib/gcc/arm-none-eabi/4.8.4/armv6-m/crtbegin.o
 *(.init)
 .init          0x00003258        0x4 c:/freescale/kds_v3/toolchain/bin/../lib/gcc/arm-none-eabi/4.8.4/armv6-m/crti.o
                0x00003258                _init
 .init          0x0000325c        0x8 c:/freescale/kds_v3/toolchain/bin/../lib/gcc/arm-none-eabi/4.8.4/armv6-m/crtn.o
 *(.fini)
 .fini          0x00003264        0x4 c:/freescale/kds_v3/toolchain/bin/../lib/gcc/arm-none-eabi/4.8.4/armv6-m/crti.o
                0x00003264                _fini
 .fini          0x00003268        0x8 c:/freescale/kds_v3/toolchain/bin/../lib/gcc/arm-none-eabi/4.8.4/armv6-m/crtn.o
                0x00003270                . = ALIGN (0x4)

.vfp11_veneer   0x00003270        0x0
 .vfp11_veneer  0x00000000        0x0 linker stubs

.v4_bx          0x00003270        0x0
 .v4_bx         0x00000000        0x0 linker stubs

.iplt           0x00003270        0x0
 .iplt          0x00000000        0x0 c:/freescale/kds_v3/toolchain/bin/../lib/gcc/arm-none-eabi/4.8.4/armv6-m/crtbegin.o

.ARM.extab
 *(.ARM.extab* .gnu.linkonce.armextab.*)

.ARM            0x00003270        0x8
                0x00003270                __exidx_start = .
 *(.ARM.exidx*)
 .ARM.exidx     0x00003270        0x8 c:/freescale/kds_v3/toolchain/bin/../lib/gcc/arm-none-eabi/4.8.4/../../../../arm-none-eabi/lib/armv6-m/crt0.o
                0x00003278                __exidx_end = .

.rel.dyn        0x00003278        0x0
 .rel.iplt      0x00000000        0x0 c:/freescale/kds_v3/toolchain/bin/../lib/gcc/arm-none-eabi/4.8.4/armv6-m/crtbegin.o

.ctors          0x00003278        0x0
                0x00003278                __CTOR_LIST__ = .
 *crtbegin.o(.ctors)
 *crtbegin?.o(.ctors)
 *(EXCLUDE_FILE(*crtend.o *crtend?.o) .ctors)
 *(SORT(.ctors.*))
 *(.ctors)
                0x00003278                __CTOR_END__ = .

.dtors          0x00003278        0x0
                0x00003278                __DTOR_LIST__ = .
 *crtbegin.o(.dtors)
 *crtbegin?.o(.dtors)
 *(EXCLUDE_FILE(*crtend.o *crtend?.o) .dtors)
 *(SORT(.dtors.*))
 *(.dtors)
                0x00003278                __DTOR_END__ = .

.preinit_array  0x00003278        0x0
                0x00003278                PROVIDE (__preinit_array_start, .)
 *(.preinit_array*)
                0x00003278                PROVIDE (__preinit_array_end, .)

.init_array     0x00003278        0x4
                0x00003278                PROVIDE (__init_array_start, .)
 *(SORT(.init_array.*))
 *(.init_array*)
 .init_array    0x00003278        0x4 c:/freescale/kds_v3/toolchain/bin/../lib/gcc/arm-none-eabi/4.8.4/armv6-m/crtbegin.o
                0x0000327c                PROVIDE (__init_array_end, .)

.fini_array     0x0000327c        0x4
                0x0000327c                PROVIDE (__fini_array_start, .)
 *(SORT(.fini_array.*))
 *(.fini_array*)
 .fini_array    0x0000327c        0x4 c:/freescale/kds_v3/toolchain/bin/../lib/gcc/arm-none-eabi/4.8.4/armv6-m/crtbegin.o
                0x00003280                PROVIDE (__fini_array_end, .)
                0x00003280                __etext = .
                0x00003280                __DATA_ROM = .

.mtb            0x1ffff000        0x0
                0x1ffff000                . = ALIGN (0x8)
                0x1ffff000                _mtb_start = .
 *(.mtb_buf)
                0x1ffff000                . = ALIGN (0x8)
                0x1ffff000                _mtb_end = .

.interrupts_ram
                0x1ffff000        0x0
                0x1ffff000                . = ALIGN (0x4)
                0x1ffff000                __VECTOR_RAM__ = .
                0x1ffff000                __interrupts_ram_start__ = .
 *(.m_interrupts_ram)
                0x1ffff000                . = (. + M_VECTOR_RAM_SIZE)
                0x1ffff000                . = ALIGN (0x4)
                0x1ffff000                __interrupts_ram_end__ = .
                0x00000000                __VECTOR_RAM = DEFINED (__ram_vector_table__)?__VECTOR_RAM__:ORIGIN (m_interrupts)
                0x00000000                __RAM_VECTOR_TABLE_SIZE_BYTES = DEFINED (__ram_vector_table__)?(__interrupts_ram_end__ - __interrupts_ram_start__):0x0

.data           0x1ffff000       0x70 load address 0x00003280
                0x1ffff000                . = ALIGN (0x4)
                0x1ffff000                __DATA_RAM = .
                0x1ffff000                __data_start__ = .
 *(.data)
 *(.data*)
 .data.SystemCoreClock
                0x1ffff000        0x4 ./startup/system_MKL25Z4.o
                0x1ffff000                SystemCoreClock
 .data.s_slowIrcFreq
                0x1ffff004        0x4 ./drivers/fsl_clock.o
 .data.s_fastIrcFreq
                0x1ffff008        0x4 ./drivers/fsl_clock.o
 .data.impure_data
                0x1ffff00c       0x60 c:/freescale/kds_v3/toolchain/bin/../lib/gcc/arm-none-eabi/4.8.4/../../../../arm-none-eabi/lib/armv6-m\libg_s.a(lib_a-impure.o)
 *(.jcr*)
 .jcr           0x1ffff06c        0x0 c:/freescale/kds_v3/toolchain/bin/../lib/gcc/arm-none-eabi/4.8.4/armv6-m/crtbegin.o
 .jcr           0x1ffff06c        0x4 c:/freescale/kds_v3/toolchain/bin/../lib/gcc/arm-none-eabi/4.8.4/armv6-m/crtend.o
                0x1ffff070                . = ALIGN (0x4)
                0x1ffff070                __data_end__ = .
                0x000032f0                __DATA_END = (__DATA_ROM + (__data_end__ - __data_start__))
                0x00020000                text_end = (ORIGIN (m_text) + 0x1fbf0)
                0x00000001                ASSERT ((__DATA_END <= text_end), region m_text overflowed with text and data)
                0x00000800                USB_RAM_GAP = DEFINED (__usb_ram_size__)?__usb_ram_size__:0x800

.igot.plt       0x1ffff070        0x0 load address 0x000032f0
 .igot.plt      0x00000000        0x0 c:/freescale/kds_v3/toolchain/bin/../lib/gcc/arm-none-eabi/4.8.4/armv6-m/crtbegin.o

.bss            0x1ffff070      0x9a4 load address 0x000032f0
                0x1ffff070                . = ALIGN (0x4)
                0x1ffff070                __START_BSS = .
                0x1ffff070                __bss_start__ = .
 *(.bss)
 .bss           0x1ffff070       0x1c c:/freescale/kds_v3/toolchain/bin/../lib/gcc/arm-none-eabi/4.8.4/armv6-m/crtbegin.o
 *(.bss*)
 .bss.s_debugConsole
                0x1ffff08c       0x10 ./utilities/fsl_debug_console.o
 .bss.s_DMAHandle
                0x1ffff09c       0x10 ./drivers/fsl_dma.o
 .bss.s_i2cHandle
                0x1ffff0ac        0x8 ./drivers/fsl_i2c.o
 .bss.s_i2cMasterIsr
                0x1ffff0b4        0x4 ./drivers/fsl_i2c.o
 .bss.s_i2cSlaveIsr
                0x1ffff0b8        0x4 ./drivers/fsl_i2c.o
 .bss.s_lpsciHandle
                0x1ffff0bc        0x4 ./drivers/fsl_lpsci.o
 .bss.s_lpsciIsr
                0x1ffff0c0        0x4 ./drivers/fsl_lpsci.o
 .bss.s_spiHandle
                0x1ffff0c4        0x8 ./drivers/fsl_spi.o
 .bss.s_spiIsr  0x1ffff0cc        0x4 ./drivers/fsl_spi.o
 .bss.s_uartHandle
                0x1ffff0d0        0xc ./drivers/fsl_uart.o
 .bss.s_uartIsr
                0x1ffff0dc        0x4 ./drivers/fsl_uart.o
                0x1ffff200                . = ALIGN (0x200)
 *fill*         0x1ffff0e0      0x120 
                0x1ffff200                USB_RAM_START = .
                0x1ffffa00                . = (. + USB_RAM_GAP)
 *fill*         0x1ffff200      0x800 
 *(COMMON)
 COMMON         0x1ffffa00        0x8 ./drivers/fsl_clock.o
                0x1ffffa00                g_xtal32Freq
                0x1ffffa04                g_xtal0Freq
 COMMON         0x1ffffa08        0x2 ./Schr/Schr.o
                0x1ffffa08                ruw_curOpMode
 COMMON         0x1ffffa0a        0x1 ./Schr/schm_trm_isr.o
                0x1ffffa0a                re_mngExecflag
 *fill*         0x1ffffa0b        0x1 
 COMMON         0x1ffffa0c        0x6 ./InitApp/Initapp.o
                0x1ffffa0c                Test_PIN_Setup
                0x1ffffa10                Test_PIN
                0x1ffffa14                . = ALIGN (0x4)
 *fill*         0x1ffffa12        0x2 
                0x1ffffa14                __bss_end__ = .
                0x1ffffa14                __END_BSS = .

.heap           0x1ffffa14      0x404 load address 0x00003c94
                0x1ffffa18                . = ALIGN (0x8)
 *fill*         0x1ffffa14        0x4 
                0x1ffffa18                __end__ = .
                0x1ffffa18                PROVIDE (end, .)
                0x1ffffa18                __HeapBase = .
                0x1ffffe18                . = (. + HEAP_SIZE)
 *fill*         0x1ffffa18      0x400 
                0x1ffffe18                __HeapLimit = .
                0x1ffffe18                __heap_limit = .

.stack          0x1ffffe18      0x400 load address 0x00004098
                0x1ffffe18                . = ALIGN (0x8)
                0x20000218                . = (. + STACK_SIZE)
 *fill*         0x1ffffe18      0x400 

m_usb_bdt       0x1ffff200        0x0
 *(m_usb_bdt)
                0x1ffff200                USB_RAM_BDT_END = .

m_usb_global
 *(m_usb_global)
                0x20003000                __StackTop = (ORIGIN (m_data) + 0x4000)
                0x20002c00                __StackLimit = (__StackTop - STACK_SIZE)
                0x20003000                PROVIDE (__stack, __StackTop)

.ARM.attributes
                0x00000000       0x28
 *(.ARM.attributes)
 .ARM.attributes
                0x00000000       0x1e c:/freescale/kds_v3/toolchain/bin/../lib/gcc/arm-none-eabi/4.8.4/armv6-m/crti.o
 .ARM.attributes
                0x0000001e       0x2c c:/freescale/kds_v3/toolchain/bin/../lib/gcc/arm-none-eabi/4.8.4/armv6-m/crtbegin.o
 .ARM.attributes
                0x0000004a       0x1b c:/freescale/kds_v3/toolchain/bin/../lib/gcc/arm-none-eabi/4.8.4/../../../../arm-none-eabi/lib/armv6-m/crt0.o
 .ARM.attributes
                0x00000065       0x32 ./utilities/fsl_debug_console.o
 .ARM.attributes
                0x00000097       0x1b ./startup/startup_MKL25Z4.o
 .ARM.attributes
                0x000000b2       0x32 ./startup/system_MKL25Z4.o
 .ARM.attributes
                0x000000e4       0x32 ./source/main.o
 .ARM.attributes
                0x00000116       0x32 ./drivers/fsl_clock.o
 .ARM.attributes
                0x00000148       0x32 ./drivers/fsl_common.o
 .ARM.attributes
                0x0000017a       0x32 ./drivers/fsl_dma.o
 .ARM.attributes
                0x000001ac       0x32 ./drivers/fsl_gpio.o
 .ARM.attributes
                0x000001de       0x32 ./drivers/fsl_i2c.o
 .ARM.attributes
                0x00000210       0x32 ./drivers/fsl_lpsci.o
 .ARM.attributes
                0x00000242       0x32 ./drivers/fsl_pit.o
 .ARM.attributes
                0x00000274       0x32 ./drivers/fsl_spi.o
 .ARM.attributes
                0x000002a6       0x32 ./drivers/fsl_uart.o
 .ARM.attributes
                0x000002d8       0x32 ./board/board.o
 .ARM.attributes
                0x0000030a       0x32 ./board/clock_config.o
 .ARM.attributes
                0x0000033c       0x32 ./board/pin_mux.o
 .ARM.attributes
                0x0000036e       0x32 ./apptasks/apptasks.o
 .ARM.attributes
                0x000003a0       0x32 ./Schr/Schr.o
 .ARM.attributes
                0x000003d2       0x32 ./Schr/schm_trm_isr.o
 .ARM.attributes
                0x00000404       0x32 ./InitApp/Initapp.o
 .ARM.attributes
                0x00000436       0x1e c:/freescale/kds_v3/toolchain/bin/../lib/gcc/arm-none-eabi/4.8.4/armv6-m\libgcc.a(_udivsi3.o)
 .ARM.attributes
                0x00000454       0x1e c:/freescale/kds_v3/toolchain/bin/../lib/gcc/arm-none-eabi/4.8.4/armv6-m\libgcc.a(_divsi3.o)
 .ARM.attributes
                0x00000472       0x1e c:/freescale/kds_v3/toolchain/bin/../lib/gcc/arm-none-eabi/4.8.4/armv6-m\libgcc.a(_dvmd_tls.o)
 .ARM.attributes
                0x00000490       0x2c c:/freescale/kds_v3/toolchain/bin/../lib/gcc/arm-none-eabi/4.8.4/../../../../arm-none-eabi/lib/armv6-m\libg_s.a(lib_a-exit.o)
 .ARM.attributes
                0x000004bc       0x2c c:/freescale/kds_v3/toolchain/bin/../lib/gcc/arm-none-eabi/4.8.4/../../../../arm-none-eabi/lib/armv6-m\libg_s.a(lib_a-impure.o)
 .ARM.attributes
                0x000004e8       0x2c c:/freescale/kds_v3/toolchain/bin/../lib/gcc/arm-none-eabi/4.8.4/../../../../arm-none-eabi/lib/armv6-m\libg_s.a(lib_a-init.o)
 .ARM.attributes
                0x00000514       0x2c c:/freescale/kds_v3/toolchain/bin/../lib/gcc/arm-none-eabi/4.8.4/../../../../arm-none-eabi/lib/armv6-m\libg_s.a(lib_a-memset.o)
 .ARM.attributes
                0x00000540       0x2c c:/freescale/kds_v3/toolchain/bin/../lib/gcc/arm-none-eabi/4.8.4/../../../../arm-none-eabi/lib/armv6-m\libg_s.a(lib_a-strlen.o)
 .ARM.attributes
                0x0000056c       0x2c c:/freescale/kds_v3/toolchain/bin/../lib/gcc/arm-none-eabi/4.8.4/../../../../arm-none-eabi/lib/armv6-m\libnosys.a(_exit.o)
 .ARM.attributes
                0x00000598       0x2c c:/freescale/kds_v3/toolchain/bin/../lib/gcc/arm-none-eabi/4.8.4/armv6-m/crtend.o
 .ARM.attributes
                0x000005c4       0x1e c:/freescale/kds_v3/toolchain/bin/../lib/gcc/arm-none-eabi/4.8.4/armv6-m/crtn.o
                0x00000001                ASSERT ((__StackLimit >= __HeapLimit), region m_data overflowed with stack and heap)
OUTPUT(ERTSch.elf elf32-littlearm)

.debug_info     0x00000000     0xc655
 .debug_info    0x00000000      0xdbe ./utilities/fsl_debug_console.o
 .debug_info    0x00000dbe       0x72 ./startup/startup_MKL25Z4.o
 .debug_info    0x00000e30      0x3ea ./startup/system_MKL25Z4.o
 .debug_info    0x0000121a       0xbf ./source/main.o
 .debug_info    0x000012d9     0x1962 ./drivers/fsl_clock.o
 .debug_info    0x00002c3b      0x371 ./drivers/fsl_common.o
 .debug_info    0x00002fac      0xfcb ./drivers/fsl_dma.o
 .debug_info    0x00003f77      0x4eb ./drivers/fsl_gpio.o
 .debug_info    0x00004462     0x19c4 ./drivers/fsl_i2c.o
 .debug_info    0x00005e26     0x1636 ./drivers/fsl_lpsci.o
 .debug_info    0x0000745c      0x5dc ./drivers/fsl_pit.o
 .debug_info    0x00007a38     0x1392 ./drivers/fsl_spi.o
 .debug_info    0x00008dca     0x15bc ./drivers/fsl_uart.o
 .debug_info    0x0000a386      0x3a1 ./board/board.o
 .debug_info    0x0000a727      0x643 ./board/clock_config.o
 .debug_info    0x0000ad6a      0x33d ./board/pin_mux.o
 .debug_info    0x0000b0a7      0x2c6 ./apptasks/apptasks.o
 .debug_info    0x0000b36d      0x824 ./Schr/Schr.o
 .debug_info    0x0000bb91      0x1fb ./Schr/schm_trm_isr.o
 .debug_info    0x0000bd8c      0x8c9 ./InitApp/Initapp.o

.debug_abbrev   0x00000000     0x22e9
 .debug_abbrev  0x00000000      0x254 ./utilities/fsl_debug_console.o
 .debug_abbrev  0x00000254       0x14 ./startup/startup_MKL25Z4.o
 .debug_abbrev  0x00000268      0x109 ./startup/system_MKL25Z4.o
 .debug_abbrev  0x00000371       0x65 ./source/main.o
 .debug_abbrev  0x000003d6      0x2b8 ./drivers/fsl_clock.o
 .debug_abbrev  0x0000068e      0x157 ./drivers/fsl_common.o
 .debug_abbrev  0x000007e5      0x269 ./drivers/fsl_dma.o
 .debug_abbrev  0x00000a4e      0x184 ./drivers/fsl_gpio.o
 .debug_abbrev  0x00000bd2      0x2e8 ./drivers/fsl_i2c.o
 .debug_abbrev  0x00000eba      0x34d ./drivers/fsl_lpsci.o
 .debug_abbrev  0x00001207      0x1be ./drivers/fsl_pit.o
 .debug_abbrev  0x000013c5      0x26a ./drivers/fsl_spi.o
 .debug_abbrev  0x0000162f      0x365 ./drivers/fsl_uart.o
 .debug_abbrev  0x00001994      0x118 ./board/board.o
 .debug_abbrev  0x00001aac      0x178 ./board/clock_config.o
 .debug_abbrev  0x00001c24      0x129 ./board/pin_mux.o
 .debug_abbrev  0x00001d4d      0x10b ./apptasks/apptasks.o
 .debug_abbrev  0x00001e58      0x1e6 ./Schr/Schr.o
 .debug_abbrev  0x0000203e       0x7d ./Schr/schm_trm_isr.o
 .debug_abbrev  0x000020bb      0x22e ./InitApp/Initapp.o

.debug_aranges  0x00000000      0xb10
 .debug_aranges
                0x00000000       0xa0 ./utilities/fsl_debug_console.o
 .debug_aranges
                0x000000a0       0x20 ./startup/startup_MKL25Z4.o
 .debug_aranges
                0x000000c0       0x28 ./startup/system_MKL25Z4.o
 .debug_aranges
                0x000000e8       0x20 ./source/main.o
 .debug_aranges
                0x00000108      0x1d8 ./drivers/fsl_clock.o
 .debug_aranges
                0x000002e0       0x28 ./drivers/fsl_common.o
 .debug_aranges
                0x00000308       0xd0 ./drivers/fsl_dma.o
 .debug_aranges
                0x000003d8       0x40 ./drivers/fsl_gpio.o
 .debug_aranges
                0x00000418      0x170 ./drivers/fsl_i2c.o
 .debug_aranges
                0x00000588      0x128 ./drivers/fsl_lpsci.o
 .debug_aranges
                0x000006b0       0x48 ./drivers/fsl_pit.o
 .debug_aranges
                0x000006f8      0x118 ./drivers/fsl_spi.o
 .debug_aranges
                0x00000810      0x140 ./drivers/fsl_uart.o
 .debug_aranges
                0x00000950       0x28 ./board/board.o
 .debug_aranges
                0x00000978       0x50 ./board/clock_config.o
 .debug_aranges
                0x000009c8       0x30 ./board/pin_mux.o
 .debug_aranges
                0x000009f8       0x48 ./apptasks/apptasks.o
 .debug_aranges
                0x00000a40       0x60 ./Schr/Schr.o
 .debug_aranges
                0x00000aa0       0x18 ./Schr/schm_trm_isr.o
 .debug_aranges
                0x00000ab8       0x58 ./InitApp/Initapp.o

.debug_ranges   0x00000000      0x9b8
 .debug_ranges  0x00000000       0x90 ./utilities/fsl_debug_console.o
 .debug_ranges  0x00000090       0x18 ./startup/system_MKL25Z4.o
 .debug_ranges  0x000000a8       0x10 ./source/main.o
 .debug_ranges  0x000000b8      0x1c8 ./drivers/fsl_clock.o
 .debug_ranges  0x00000280       0x18 ./drivers/fsl_common.o
 .debug_ranges  0x00000298       0xc0 ./drivers/fsl_dma.o
 .debug_ranges  0x00000358       0x30 ./drivers/fsl_gpio.o
 .debug_ranges  0x00000388      0x160 ./drivers/fsl_i2c.o
 .debug_ranges  0x000004e8      0x118 ./drivers/fsl_lpsci.o
 .debug_ranges  0x00000600       0x38 ./drivers/fsl_pit.o
 .debug_ranges  0x00000638      0x108 ./drivers/fsl_spi.o
 .debug_ranges  0x00000740      0x130 ./drivers/fsl_uart.o
 .debug_ranges  0x00000870       0x18 ./board/board.o
 .debug_ranges  0x00000888       0x40 ./board/clock_config.o
 .debug_ranges  0x000008c8       0x20 ./board/pin_mux.o
 .debug_ranges  0x000008e8       0x38 ./apptasks/apptasks.o
 .debug_ranges  0x00000920       0x50 ./Schr/Schr.o
 .debug_ranges  0x00000970       0x48 ./InitApp/Initapp.o

.debug_macro    0x00000000     0xa0a7
 .debug_macro   0x00000000      0x1fb ./utilities/fsl_debug_console.o
 .debug_macro   0x000001fb      0x80e ./utilities/fsl_debug_console.o
 .debug_macro   0x00000a09       0x58 ./utilities/fsl_debug_console.o
 .debug_macro   0x00000a61       0x58 ./utilities/fsl_debug_console.o
 .debug_macro   0x00000ab9       0x16 ./utilities/fsl_debug_console.o
 .debug_macro   0x00000acf       0x35 ./utilities/fsl_debug_console.o
 .debug_macro   0x00000b04       0xa3 ./utilities/fsl_debug_console.o
 .debug_macro   0x00000ba7       0x16 ./utilities/fsl_debug_console.o
 .debug_macro   0x00000bbd      0x10e ./utilities/fsl_debug_console.o
 .debug_macro   0x00000ccb       0x7f ./utilities/fsl_debug_console.o
 .debug_macro   0x00000d4a       0x4a ./utilities/fsl_debug_console.o
 .debug_macro   0x00000d94       0x52 ./utilities/fsl_debug_console.o
 .debug_macro   0x00000de6       0x16 ./utilities/fsl_debug_console.o
 .debug_macro   0x00000dfc       0x43 ./utilities/fsl_debug_console.o
 .debug_macro   0x00000e3f      0x180 ./utilities/fsl_debug_console.o
 .debug_macro   0x00000fbf       0x16 ./utilities/fsl_debug_console.o
 .debug_macro   0x00000fd5       0x29 ./utilities/fsl_debug_console.o
 .debug_macro   0x00000ffe      0x1e1 ./utilities/fsl_debug_console.o
 .debug_macro   0x000011df       0x16 ./utilities/fsl_debug_console.o
 .debug_macro   0x000011f5       0x22 ./utilities/fsl_debug_console.o
 .debug_macro   0x00001217      0x20f ./utilities/fsl_debug_console.o
 .debug_macro   0x00001426      0x2a6 ./utilities/fsl_debug_console.o
 .debug_macro   0x000016cc       0x10 ./utilities/fsl_debug_console.o
 .debug_macro   0x000016dc       0x35 ./utilities/fsl_debug_console.o
 .debug_macro   0x00001711       0x1f ./utilities/fsl_debug_console.o
 .debug_macro   0x00001730       0x10 ./utilities/fsl_debug_console.o
 .debug_macro   0x00001740       0x3f ./utilities/fsl_debug_console.o
 .debug_macro   0x0000177f       0x3a ./utilities/fsl_debug_console.o
 .debug_macro   0x000017b9       0x26 ./utilities/fsl_debug_console.o
 .debug_macro   0x000017df      0x329 ./utilities/fsl_debug_console.o
 .debug_macro   0x00001b08       0x30 ./utilities/fsl_debug_console.o
 .debug_macro   0x00001b38     0x51d4 ./utilities/fsl_debug_console.o
 .debug_macro   0x00006d0c     0x12ea ./utilities/fsl_debug_console.o
 .debug_macro   0x00007ff6       0x2e ./utilities/fsl_debug_console.o
 .debug_macro   0x00008024       0x10 ./utilities/fsl_debug_console.o
 .debug_macro   0x00008034       0xe3 ./utilities/fsl_debug_console.o
 .debug_macro   0x00008117       0x35 ./utilities/fsl_debug_console.o
 .debug_macro   0x0000814c       0x3a ./utilities/fsl_debug_console.o
 .debug_macro   0x00008186       0x10 ./utilities/fsl_debug_console.o
 .debug_macro   0x00008196       0x9a ./startup/system_MKL25Z4.o
 .debug_macro   0x00008230       0x44 ./startup/system_MKL25Z4.o
 .debug_macro   0x00008274      0x1fc ./source/main.o
 .debug_macro   0x00008470       0x16 ./source/main.o
 .debug_macro   0x00008486       0xd0 ./source/main.o
 .debug_macro   0x00008556       0x16 ./source/main.o
 .debug_macro   0x0000856c       0x1c ./source/main.o
 .debug_macro   0x00008588       0x16 ./source/main.o
 .debug_macro   0x0000859e      0x239 ./drivers/fsl_clock.o
 .debug_macro   0x000087d7      0x192 ./drivers/fsl_common.o
 .debug_macro   0x00008969      0x18f ./drivers/fsl_dma.o
 .debug_macro   0x00008af8      0x18f ./drivers/fsl_gpio.o
 .debug_macro   0x00008c87      0x18e ./drivers/fsl_i2c.o
 .debug_macro   0x00008e15       0x10 ./drivers/fsl_i2c.o
 .debug_macro   0x00008e25      0x18f ./drivers/fsl_lpsci.o
 .debug_macro   0x00008fb4      0x18f ./drivers/fsl_pit.o
 .debug_macro   0x00009143      0x18e ./drivers/fsl_spi.o
 .debug_macro   0x000092d1       0x10 ./drivers/fsl_spi.o
 .debug_macro   0x000092e1      0x195 ./drivers/fsl_uart.o
 .debug_macro   0x00009476      0x1c0 ./board/board.o
 .debug_macro   0x00009636      0x19c ./board/clock_config.o
 .debug_macro   0x000097d2      0x193 ./board/pin_mux.o
 .debug_macro   0x00009965      0x199 ./apptasks/apptasks.o
 .debug_macro   0x00009afe      0x1db ./Schr/Schr.o
 .debug_macro   0x00009cd9       0x10 ./Schr/Schr.o
 .debug_macro   0x00009ce9      0x1bb ./Schr/schm_trm_isr.o
 .debug_macro   0x00009ea4      0x1d7 ./InitApp/Initapp.o
 .debug_macro   0x0000a07b       0x1c ./InitApp/Initapp.o
 .debug_macro   0x0000a097       0x10 ./InitApp/Initapp.o

.debug_line     0x00000000     0x7011
 .debug_line    0x00000000      0x84e ./utilities/fsl_debug_console.o
 .debug_line    0x0000084e       0xc7 ./startup/startup_MKL25Z4.o
 .debug_line    0x00000915      0x2b6 ./startup/system_MKL25Z4.o
 .debug_line    0x00000bcb      0x4d1 ./source/main.o
 .debug_line    0x0000109c      0xabd ./drivers/fsl_clock.o
 .debug_line    0x00001b59      0x435 ./drivers/fsl_common.o
 .debug_line    0x00001f8e      0x637 ./drivers/fsl_dma.o
 .debug_line    0x000025c5      0x3ed ./drivers/fsl_gpio.o
 .debug_line    0x000029b2      0xaa1 ./drivers/fsl_i2c.o
 .debug_line    0x00003453      0x8c0 ./drivers/fsl_lpsci.o
 .debug_line    0x00003d13      0x3ff ./drivers/fsl_pit.o
 .debug_line    0x00004112      0x7df ./drivers/fsl_spi.o
 .debug_line    0x000048f1      0x8bf ./drivers/fsl_uart.o
 .debug_line    0x000051b0      0x41e ./board/board.o
 .debug_line    0x000055ce      0x44b ./board/clock_config.o
 .debug_line    0x00005a19      0x3d1 ./board/pin_mux.o
 .debug_line    0x00005dea      0x413 ./apptasks/apptasks.o
 .debug_line    0x000061fd      0x52b ./Schr/Schr.o
 .debug_line    0x00006728      0x3f3 ./Schr/schm_trm_isr.o
 .debug_line    0x00006b1b      0x4f6 ./InitApp/Initapp.o

.debug_str      0x00000000    0x37f90
 .debug_str     0x00000000    0x322be ./utilities/fsl_debug_console.o
                              0x32723 (size before relaxing)
 .debug_str     0x000322be      0x157 ./startup/system_MKL25Z4.o
                              0x2e274 (size before relaxing)
 .debug_str     0x00032415      0x977 ./source/main.o
                              0x318bb (size before relaxing)
 .debug_str     0x00032d8c     0x176a ./drivers/fsl_clock.o
                              0x32c09 (size before relaxing)
 .debug_str     0x000344f6      0x28e ./drivers/fsl_common.o
                              0x312f2 (size before relaxing)
 .debug_str     0x00034784      0x7e5 ./drivers/fsl_dma.o
                              0x31ecc (size before relaxing)
 .debug_str     0x00034f69      0x177 ./drivers/fsl_gpio.o
                              0x31459 (size before relaxing)
 .debug_str     0x000350e0      0xbae ./drivers/fsl_i2c.o
                              0x3237d (size before relaxing)
 .debug_str     0x00035c8e      0x94e ./drivers/fsl_lpsci.o
                              0x32253 (size before relaxing)
 .debug_str     0x000365dc      0x120 ./drivers/fsl_pit.o
                              0x31582 (size before relaxing)
 .debug_str     0x000366fc      0x74f ./drivers/fsl_spi.o
                              0x31f71 (size before relaxing)
 .debug_str     0x00036e4b      0x809 ./drivers/fsl_uart.o
                              0x32278 (size before relaxing)
 .debug_str     0x00037654       0x4c ./board/board.o
                              0x319a1 (size before relaxing)
 .debug_str     0x000376a0      0x28b ./board/clock_config.o
                              0x31509 (size before relaxing)
 .debug_str     0x0003792b      0x102 ./board/pin_mux.o
                              0x31219 (size before relaxing)
 .debug_str     0x00037a2d       0x86 ./apptasks/apptasks.o
                              0x3136c (size before relaxing)
 .debug_str     0x00037ab3      0x259 ./Schr/Schr.o
                              0x3198d (size before relaxing)
 .debug_str     0x00037d0c       0x17 ./Schr/schm_trm_isr.o
                              0x313f1 (size before relaxing)
 .debug_str     0x00037d23      0x26d ./InitApp/Initapp.o
                              0x31a65 (size before relaxing)

.comment        0x00000000       0x70
 .comment       0x00000000       0x70 ./utilities/fsl_debug_console.o
                                 0x71 (size before relaxing)
 .comment       0x00000000       0x71 ./startup/system_MKL25Z4.o
 .comment       0x00000000       0x71 ./source/main.o
 .comment       0x00000000       0x71 ./drivers/fsl_clock.o
 .comment       0x00000000       0x71 ./drivers/fsl_common.o
 .comment       0x00000000       0x71 ./drivers/fsl_dma.o
 .comment       0x00000000       0x71 ./drivers/fsl_gpio.o
 .comment       0x00000000       0x71 ./drivers/fsl_i2c.o
 .comment       0x00000000       0x71 ./drivers/fsl_lpsci.o
 .comment       0x00000000       0x71 ./drivers/fsl_pit.o
 .comment       0x00000000       0x71 ./drivers/fsl_spi.o
 .comment       0x00000000       0x71 ./drivers/fsl_uart.o
 .comment       0x00000000       0x71 ./board/board.o
 .comment       0x00000000       0x71 ./board/clock_config.o
 .comment       0x00000000       0x71 ./board/pin_mux.o
 .comment       0x00000000       0x71 ./apptasks/apptasks.o
 .comment       0x00000000       0x71 ./Schr/Schr.o
 .comment       0x00000000       0x71 ./Schr/schm_trm_isr.o
 .comment       0x00000000       0x71 ./InitApp/Initapp.o

.debug_frame    0x00000000     0x2610
 .debug_frame   0x00000000      0x22c ./utilities/fsl_debug_console.o
 .debug_frame   0x0000022c       0x4c ./startup/system_MKL25Z4.o
 .debug_frame   0x00000278       0x2c ./source/main.o
 .debug_frame   0x000002a4      0x6d8 ./drivers/fsl_clock.o
 .debug_frame   0x0000097c       0x50 ./drivers/fsl_common.o
 .debug_frame   0x000009cc      0x2e0 ./drivers/fsl_dma.o
 .debug_frame   0x00000cac       0xb0 ./drivers/fsl_gpio.o
 .debug_frame   0x00000d5c      0x568 ./drivers/fsl_i2c.o
 .debug_frame   0x000012c4      0x44c ./drivers/fsl_lpsci.o
 .debug_frame   0x00001710       0xd4 ./drivers/fsl_pit.o
 .debug_frame   0x000017e4      0x408 ./drivers/fsl_spi.o
 .debug_frame   0x00001bec      0x4a0 ./drivers/fsl_uart.o
 .debug_frame   0x0000208c       0x50 ./board/board.o
 .debug_frame   0x000020dc       0xec ./board/clock_config.o
 .debug_frame   0x000021c8       0x6c ./board/pin_mux.o
 .debug_frame   0x00002234       0xbc ./apptasks/apptasks.o
 .debug_frame   0x000022f0      0x12c ./Schr/Schr.o
 .debug_frame   0x0000241c      0x100 ./InitApp/Initapp.o
 .debug_frame   0x0000251c       0x20 c:/freescale/kds_v3/toolchain/bin/../lib/gcc/arm-none-eabi/4.8.4/armv6-m\libgcc.a(_udivsi3.o)
 .debug_frame   0x0000253c       0x20 c:/freescale/kds_v3/toolchain/bin/../lib/gcc/arm-none-eabi/4.8.4/armv6-m\libgcc.a(_divsi3.o)
 .debug_frame   0x0000255c       0x28 c:/freescale/kds_v3/toolchain/bin/../lib/gcc/arm-none-eabi/4.8.4/../../../../arm-none-eabi/lib/armv6-m\libg_s.a(lib_a-exit.o)
 .debug_frame   0x00002584       0x2c c:/freescale/kds_v3/toolchain/bin/../lib/gcc/arm-none-eabi/4.8.4/../../../../arm-none-eabi/lib/armv6-m\libg_s.a(lib_a-init.o)
 .debug_frame   0x000025b0       0x20 c:/freescale/kds_v3/toolchain/bin/../lib/gcc/arm-none-eabi/4.8.4/../../../../arm-none-eabi/lib/armv6-m\libg_s.a(lib_a-memset.o)
 .debug_frame   0x000025d0       0x20 c:/freescale/kds_v3/toolchain/bin/../lib/gcc/arm-none-eabi/4.8.4/../../../../arm-none-eabi/lib/armv6-m\libg_s.a(lib_a-strlen.o)
 .debug_frame   0x000025f0       0x20 c:/freescale/kds_v3/toolchain/bin/../lib/gcc/arm-none-eabi/4.8.4/../../../../arm-none-eabi/lib/armv6-m\libnosys.a(_exit.o)
