Archive member included because of file (symbol)

c:/freescale/kds_v3/toolchain/bin/../lib/gcc/arm-none-eabi/4.8.4/armv6-m\libgcc.a(_thumb1_case_uqi.o)
                              ./utilities/fsl_shell.o (__gnu_thumb1_case_uqi)
c:/freescale/kds_v3/toolchain/bin/../lib/gcc/arm-none-eabi/4.8.4/armv6-m\libgcc.a(_udivsi3.o)
                              ./utilities/fsl_debug_console.o (__aeabi_uidiv)
c:/freescale/kds_v3/toolchain/bin/../lib/gcc/arm-none-eabi/4.8.4/armv6-m\libgcc.a(_divsi3.o)
                              ./utilities/fsl_debug_console.o (__aeabi_idiv)
c:/freescale/kds_v3/toolchain/bin/../lib/gcc/arm-none-eabi/4.8.4/armv6-m\libgcc.a(_dvmd_tls.o)
                              c:/freescale/kds_v3/toolchain/bin/../lib/gcc/arm-none-eabi/4.8.4/armv6-m\libgcc.a(_udivsi3.o) (__aeabi_idiv0)
c:/freescale/kds_v3/toolchain/bin/../lib/gcc/arm-none-eabi/4.8.4/../../../../arm-none-eabi/lib/armv6-m\libg_s.a(lib_a-errno.o)
                              ./utilities/fsl_sbrk.o (__errno)
c:/freescale/kds_v3/toolchain/bin/../lib/gcc/arm-none-eabi/4.8.4/../../../../arm-none-eabi/lib/armv6-m\libg_s.a(lib_a-exit.o)
                              c:/freescale/kds_v3/toolchain/bin/../lib/gcc/arm-none-eabi/4.8.4/../../../../arm-none-eabi/lib/armv6-m/crt0.o (exit)
c:/freescale/kds_v3/toolchain/bin/../lib/gcc/arm-none-eabi/4.8.4/../../../../arm-none-eabi/lib/armv6-m\libg_s.a(lib_a-impure.o)
                              c:/freescale/kds_v3/toolchain/bin/../lib/gcc/arm-none-eabi/4.8.4/../../../../arm-none-eabi/lib/armv6-m\libg_s.a(lib_a-exit.o) (_global_impure_ptr)
c:/freescale/kds_v3/toolchain/bin/../lib/gcc/arm-none-eabi/4.8.4/../../../../arm-none-eabi/lib/armv6-m\libg_s.a(lib_a-init.o)
                              c:/freescale/kds_v3/toolchain/bin/../lib/gcc/arm-none-eabi/4.8.4/../../../../arm-none-eabi/lib/armv6-m/crt0.o (__libc_init_array)
c:/freescale/kds_v3/toolchain/bin/../lib/gcc/arm-none-eabi/4.8.4/../../../../arm-none-eabi/lib/armv6-m\libg_s.a(lib_a-memcpy-stub.o)
                              ./drivers/fsl_flash.o (memcpy)
c:/freescale/kds_v3/toolchain/bin/../lib/gcc/arm-none-eabi/4.8.4/../../../../arm-none-eabi/lib/armv6-m\libg_s.a(lib_a-memmove.o)
                              ./utilities/fsl_shell.o (memmove)
c:/freescale/kds_v3/toolchain/bin/../lib/gcc/arm-none-eabi/4.8.4/../../../../arm-none-eabi/lib/armv6-m\libg_s.a(lib_a-memset.o)
                              c:/freescale/kds_v3/toolchain/bin/../lib/gcc/arm-none-eabi/4.8.4/../../../../arm-none-eabi/lib/armv6-m/crt0.o (memset)
c:/freescale/kds_v3/toolchain/bin/../lib/gcc/arm-none-eabi/4.8.4/../../../../arm-none-eabi/lib/armv6-m\libg_s.a(lib_a-strlen.o)
                              ./utilities/fsl_debug_console.o (strlen)
c:/freescale/kds_v3/toolchain/bin/../lib/gcc/arm-none-eabi/4.8.4/../../../../arm-none-eabi/lib/armv6-m\libnosys.a(_exit.o)
                              c:/freescale/kds_v3/toolchain/bin/../lib/gcc/arm-none-eabi/4.8.4/../../../../arm-none-eabi/lib/armv6-m\libg_s.a(lib_a-exit.o) (_exit)

Allocating common symbols
Common symbol       size              file

Test_PIN_Setup      0x2               ./InitApp/Initapp.o
Test_PIN            0x2               ./InitApp/Initapp.o
re_mngExecflag      0x1               ./Schr/schm_trm_isr.o
g_xtal32Freq        0x4               ./drivers/fsl_clock.o
ruw_curOpMode       0x2               ./Schr/Schr.o
g_xtal0Freq         0x4               ./drivers/fsl_clock.o

Discarded input sections

 .text          0x00000000        0x0 c:/freescale/kds_v3/toolchain/bin/../lib/gcc/arm-none-eabi/4.8.4/armv6-m/crti.o
 .data          0x00000000        0x0 c:/freescale/kds_v3/toolchain/bin/../lib/gcc/arm-none-eabi/4.8.4/armv6-m/crti.o
 .bss           0x00000000        0x0 c:/freescale/kds_v3/toolchain/bin/../lib/gcc/arm-none-eabi/4.8.4/armv6-m/crti.o
 .data          0x00000000        0x4 c:/freescale/kds_v3/toolchain/bin/../lib/gcc/arm-none-eabi/4.8.4/armv6-m/crtbegin.o
 .data          0x00000000        0x0 c:/freescale/kds_v3/toolchain/bin/../lib/gcc/arm-none-eabi/4.8.4/../../../../arm-none-eabi/lib/armv6-m/crt0.o
 .bss           0x00000000        0x0 c:/freescale/kds_v3/toolchain/bin/../lib/gcc/arm-none-eabi/4.8.4/../../../../arm-none-eabi/lib/armv6-m/crt0.o
 .ARM.extab     0x00000000        0x0 c:/freescale/kds_v3/toolchain/bin/../lib/gcc/arm-none-eabi/4.8.4/../../../../arm-none-eabi/lib/armv6-m/crt0.o
 .text          0x00000000        0x0 ./utilities/fsl_debug_console.o
 .data          0x00000000        0x0 ./utilities/fsl_debug_console.o
 .bss           0x00000000        0x0 ./utilities/fsl_debug_console.o
 .text.DbgConsole_ScanIgnoreWhiteSpace
                0x00000000       0x22 ./utilities/fsl_debug_console.o
 .text.DbgConsole_Deinit
                0x00000000       0x38 ./utilities/fsl_debug_console.o
 .text.DbgConsole_Getchar
                0x00000000       0x28 ./utilities/fsl_debug_console.o
 .text.DbgConsole_Scanf
                0x00000000      0x2f0 ./utilities/fsl_debug_console.o
[...]
Memory Configuration

Name             Origin             Length             Attributes
m_interrupts     0x00000000         0x00000200         xr
m_flash_config   0x00000400         0x00000010         xr
m_text           0x00000410         0x0001fbf0         xr
m_data           0x1ffff000         0x00004000         rw
*default*        0x00000000         0xffffffff

Linker script and memory map

LOAD c:/freescale/kds_v3/toolchain/bin/../lib/gcc/arm-none-eabi/4.8.4/armv6-m/crti.o
LOAD c:/freescale/kds_v3/toolchain/bin/../lib/gcc/arm-none-eabi/4.8.4/armv6-m/crtbegin.o
LOAD c:/freescale/kds_v3/toolchain/bin/../lib/gcc/arm-none-eabi/4.8.4/../../../../arm-none-eabi/lib/armv6-m/crt0.o
LOAD ./utilities/fsl_debug_console.o
LOAD ./utilities/fsl_notifier.o
LOAD ./utilities/fsl_sbrk.o
LOAD ./utilities/fsl_shell.o
LOAD ./startup/startup_MKL25Z4.o
LOAD ./startup/system_MKL25Z4.o
LOAD ./source/main.o
LOAD ./drivers/fsl_adc16.o
LOAD ./drivers/fsl_clock.o
LOAD ./drivers/fsl_cmp.o
LOAD ./drivers/fsl_common.o
LOAD ./drivers/fsl_cop.o
LOAD ./drivers/fsl_dac.o
LOAD ./drivers/fsl_dma.o
LOAD ./drivers/fsl_dmamux.o
LOAD ./drivers/fsl_flash.o
LOAD ./drivers/fsl_gpio.o
LOAD ./drivers/fsl_i2c.o
LOAD ./drivers/fsl_i2c_dma.o
LOAD ./drivers/fsl_llwu.o
LOAD ./drivers/fsl_lpsci.o
LOAD ./drivers/fsl_lpsci_dma.o
LOAD ./drivers/fsl_lptmr.o
LOAD ./drivers/fsl_pit.o
LOAD ./drivers/fsl_pmc.o
LOAD ./drivers/fsl_rcm.o
LOAD ./drivers/fsl_rtc.o
LOAD ./drivers/fsl_sim.o
LOAD ./drivers/fsl_smc.o
LOAD ./drivers/fsl_spi.o
LOAD ./drivers/fsl_spi_dma.o
LOAD ./drivers/fsl_tpm.o
LOAD ./drivers/fsl_tsi_v4.o
LOAD ./drivers/fsl_uart.o
LOAD ./drivers/fsl_uart_dma.o
LOAD ./board/board.o
LOAD ./board/clock_config.o
LOAD ./board/pin_mux.o
LOAD ./apptasks/apptasks.o
LOAD ./Schr/Schr.o
LOAD ./Schr/schm_trm_isr.o
LOAD ./InitApp/Initapp.o
LOAD c:/freescale/kds_v3/toolchain/bin/../lib/gcc/arm-none-eabi/4.8.4/../../../../arm-none-eabi/lib/armv6-m\libstdc++_s.a
LOAD c:/freescale/kds_v3/toolchain/bin/../lib/gcc/arm-none-eabi/4.8.4/../../../../arm-none-eabi/lib/armv6-m\libm.a
START GROUP
LOAD c:/freescale/kds_v3/toolchain/bin/../lib/gcc/arm-none-eabi/4.8.4/armv6-m\libgcc.a
LOAD c:/freescale/kds_v3/toolchain/bin/../lib/gcc/arm-none-eabi/4.8.4/../../../../arm-none-eabi/lib/armv6-m\libg_s.a
LOAD c:/freescale/kds_v3/toolchain/bin/../lib/gcc/arm-none-eabi/4.8.4/../../../../arm-none-eabi/lib/armv6-m\libc_s.a
END GROUP
START GROUP
LOAD c:/freescale/kds_v3/toolchain/bin/../lib/gcc/arm-none-eabi/4.8.4/armv6-m\libgcc.a
LOAD c:/freescale/kds_v3/toolchain/bin/../lib/gcc/arm-none-eabi/4.8.4/../../../../arm-none-eabi/lib/armv6-m\libc_s.a
LOAD c:/freescale/kds_v3/toolchain/bin/../lib/gcc/arm-none-eabi/4.8.4/../../../../arm-none-eabi/lib/armv6-m\libnosys.a
END GROUP
START GROUP
LOAD c:/freescale/kds_v3/toolchain/bin/../lib/gcc/arm-none-eabi/4.8.4/armv6-m\libgcc.a
LOAD c:/freescale/kds_v3/toolchain/bin/../lib/gcc/arm-none-eabi/4.8.4/../../../../arm-none-eabi/lib/armv6-m\libc_s.a
LOAD c:/freescale/kds_v3/toolchain/bin/../lib/gcc/arm-none-eabi/4.8.4/../../../../arm-none-eabi/lib/armv6-m\libnosys.a
END GROUP
LOAD c:/freescale/kds_v3/toolchain/bin/../lib/gcc/arm-none-eabi/4.8.4/armv6-m/crtend.o
LOAD c:/freescale/kds_v3/toolchain/bin/../lib/gcc/arm-none-eabi/4.8.4/armv6-m/crtn.o
                0x00000400                HEAP_SIZE = DEFINED (__heap_size__)?__heap_size__:0x400
                0x00000400                STACK_SIZE = DEFINED (__stack_size__)?__stack_size__:0x400
                0x00000000                M_VECTOR_RAM_SIZE = DEFINED (__ram_vector_table__)?0x200:0x0

.interrupts     0x00000000       0xc0
                0x00000000                __VECTOR_TABLE = .
                0x00000000                . = ALIGN (0x4)
 *(.isr_vector)
 .isr_vector    0x00000000       0xc0 ./startup/startup_MKL25Z4.o
                0x00000000                __isr_vector
                0x000000c0                . = ALIGN (0x4)

.flash_config   0x00000400       0x10
                0x00000400                . = ALIGN (0x4)
 *(.FlashConfig)
 .FlashConfig   0x00000400       0x10 ./startup/startup_MKL25Z4.o
                0x00000410                . = ALIGN (0x4)

.text           0x00000410     0x19f8
                0x00000410                . = ALIGN (0x4)
 *(.text)
 .text          0x00000410       0x60 c:/freescale/kds_v3/toolchain/bin/../lib/gcc/arm-none-eabi/4.8.4/armv6-m/crtbegin.o
 .text          0x00000470       0x78 c:/freescale/kds_v3/toolchain/bin/../lib/gcc/arm-none-eabi/4.8.4/../../../../arm-none-eabi/lib/armv6-m/crt0.o
                0x00000470                _start
                0x00000470                _mainCRTStartup
 .text          0x000004e8       0xc8 ./startup/startup_MKL25Z4.o
                0x000004e8                Reset_Handler
                0x00000528                Reserved45_IRQHandler
                0x00000528                USB0_IRQHandler
                0x00000528                Reserved20_IRQHandler
                0x00000528                TPM1_IRQHandler
                0x00000528                CMP0_IRQHandler
                0x00000528                LPTMR0_IRQHandler
                0x00000528                FTFA_IRQHandler
                0x00000528                TPM0_IRQHandler
                0x00000528                LLWU_IRQHandler
                0x00000528                TSI0_IRQHandler
                0x00000528                PORTA_IRQHandler
                0x00000528                ADC0_IRQHandler
                0x00000528                Reserved39_IRQHandler
                0x00000528                LVD_LVW_IRQHandler
                0x00000528                DefaultISR
                0x00000528                PORTD_IRQHandler
                0x00000528                TPM2_IRQHandler
                0x00000528                RTC_IRQHandler
                0x00000528                MCG_IRQHandler
                0x00000528                RTC_Seconds_IRQHandler
                0x00000528                DAC0_IRQHandler
                0x0000052c                NMI_Handler
                0x00000530                HardFault_Handler
                0x00000534                SVC_Handler
                0x00000538                PendSV_Handler
                0x0000053c                SysTick_Handler
                0x00000540                DMA0_IRQHandler
                0x00000544                DMA1_IRQHandler
                0x00000548                DMA2_IRQHandler
                0x0000054c                DMA3_IRQHandler
                0x00000550                I2C0_IRQHandler
                0x00000554                I2C1_IRQHandler
                0x00000558                SPI0_IRQHandler
                0x0000055c                SPI1_IRQHandler
                0x00000560                UART0_IRQHandler
                0x00000564                UART1_IRQHandler
                0x00000568                UART2_IRQHandler
 .text          0x000005b0       0x9c c:/freescale/kds_v3/toolchain/bin/../lib/gcc/arm-none-eabi/4.8.4/armv6-m\libgcc.a(_udivsi3.o)
                0x000005b0                __aeabi_uidiv
                0x000005b0                __udivsi3
                0x00000638                __aeabi_uidivmod
 .text          0x0000064c       0xc0 c:/freescale/kds_v3/toolchain/bin/../lib/gcc/arm-none-eabi/4.8.4/armv6-m\libgcc.a(_divsi3.o)
                0x0000064c                __divsi3
                0x0000064c                __aeabi_idiv
                0x000006f8                __aeabi_idivmod
 .text          0x0000070c        0x4 c:/freescale/kds_v3/toolchain/bin/../lib/gcc/arm-none-eabi/4.8.4/armv6-m\libgcc.a(_dvmd_tls.o)
                0x0000070c                __aeabi_idiv0
                0x0000070c                __aeabi_ldiv0
 *(.text*)
 .text.DbgConsole_Putchar
                0x00000710       0x24 ./utilities/fsl_debug_console.o
                0x00000710                DbgConsole_Putchar
 .text.DbgConsole_Init
                0x00000734       0x94 ./utilities/fsl_debug_console.o
                0x00000734                DbgConsole_Init
 .text.DbgConsole_Printf
                0x000007c8      0x2c4 ./utilities/fsl_debug_console.o
                0x000007c8                DbgConsole_Printf
 .text.SystemInit
                0x00000a8c       0x10 ./startup/system_MKL25Z4.o
                0x00000a8c                SystemInit
 .text.startup.main
                0x00000a9c       0x1e ./source/main.o
                0x00000a9c                main
 *fill*         0x00000aba        0x2 
 .text.CLOCK_GetInternalRefClkSelectFreq
                0x00000abc       0x2c ./drivers/fsl_clock.o
 .text.unlikely.CLOCK_GetMcgExtClkFreq.part.1
                0x00000ae8       0x1c ./drivers/fsl_clock.o
 .text.CLOCK_GetFllRefClkFreq
                0x00000b04       0x54 ./drivers/fsl_clock.o
 .text.CLOCK_SetSimConfig
                0x00000b58       0x4c ./drivers/fsl_clock.o
                0x00000b58                CLOCK_SetSimConfig
 .text.CLOCK_GetFllFreq
                0x00000ba4       0x3c ./drivers/fsl_clock.o
                0x00000ba4                CLOCK_GetFllFreq
 .text.CLOCK_GetPll0Freq
                0x00000be0       0x38 ./drivers/fsl_clock.o
                0x00000be0                CLOCK_GetPll0Freq
 .text.CLOCK_GetOutClkFreq
                0x00000c18       0x40 ./drivers/fsl_clock.o
                0x00000c18                CLOCK_GetOutClkFreq
 .text.CLOCK_GetCoreSysClkFreq
                0x00000c58       0x20 ./drivers/fsl_clock.o
                0x00000c58                CLOCK_GetCoreSysClkFreq
 .text.CLOCK_SetExternalRefClkConfig
                0x00000c78       0x18 ./drivers/fsl_clock.o
                0x00000c78                CLOCK_SetExternalRefClkConfig
 .text.CLOCK_SetInternalRefClkConfig
                0x00000c90       0x7c ./drivers/fsl_clock.o
                0x00000c90                CLOCK_SetInternalRefClkConfig
 .text.CLOCK_EnablePll0
                0x00000d0c       0x50 ./drivers/fsl_clock.o
                0x00000d0c                CLOCK_EnablePll0
 .text.CLOCK_InitOsc0
                0x00000d5c       0x6c ./drivers/fsl_clock.o
                0x00000d5c                CLOCK_InitOsc0
 .text.CLOCK_SetPbeMode
                0x00000dc8       0x54 ./drivers/fsl_clock.o
                0x00000dc8                CLOCK_SetPbeMode
 .text.CLOCK_BootToPeeMode
                0x00000e1c       0x4c ./drivers/fsl_clock.o
                0x00000e1c                CLOCK_BootToPeeMode
 .text.__assert_func
                0x00000e68       0x1c ./drivers/fsl_common.o
                0x00000e68                __assert_func
 .text.DMA_HandleIRQ
                0x00000e84       0x5c ./drivers/fsl_dma.o
                0x00000e84                DMA_HandleIRQ
 .text.DMA0_DriverIRQHandler
                0x00000ee0       0x10 ./drivers/fsl_dma.o
                0x00000ee0                DMA0_DriverIRQHandler
 .text.DMA1_DriverIRQHandler
                0x00000ef0       0x10 ./drivers/fsl_dma.o
                0x00000ef0                DMA1_DriverIRQHandler
 .text.DMA2_DriverIRQHandler
                0x00000f00       0x10 ./drivers/fsl_dma.o
                0x00000f00                DMA2_DriverIRQHandler
 .text.DMA3_DriverIRQHandler
                0x00000f10       0x10 ./drivers/fsl_dma.o
                0x00000f10                DMA3_DriverIRQHandler
 .text.GPIO_PinInit
                0x00000f20       0x50 ./drivers/fsl_gpio.o
                0x00000f20                GPIO_PinInit
 .text.I2C_TransferCommonIRQHandler
                0x00000f70       0x24 ./drivers/fsl_i2c.o
 .text.I2C0_DriverIRQHandler
                0x00000f94       0x18 ./drivers/fsl_i2c.o
                0x00000f94                I2C0_DriverIRQHandler
 .text.I2C1_DriverIRQHandler
                0x00000fac       0x18 ./drivers/fsl_i2c.o
                0x00000fac                I2C1_DriverIRQHandler
 .text.LPSCI_GetInstance
                0x00000fc4       0x28 ./drivers/fsl_lpsci.o
                0x00000fc4                LPSCI_GetInstance
 .text.LPSCI_Init
                0x00000fec      0x160 ./drivers/fsl_lpsci.o
                0x00000fec                LPSCI_Init
 .text.LPSCI_GetDefaultConfig
                0x0000114c       0x34 ./drivers/fsl_lpsci.o
                0x0000114c                LPSCI_GetDefaultConfig
 .text.LPSCI_ClearStatusFlags
                0x00001180       0x50 ./drivers/fsl_lpsci.o
                0x00001180                LPSCI_ClearStatusFlags
 .text.LPSCI_WriteBlocking
                0x000011d0       0x3c ./drivers/fsl_lpsci.o
                0x000011d0                LPSCI_WriteBlocking
 .text.LPSCI_ReadBlocking
                0x0000120c       0x8c ./drivers/fsl_lpsci.o
                0x0000120c                LPSCI_ReadBlocking
 .text.UART0_DriverIRQHandler
                0x00001298       0x1c ./drivers/fsl_lpsci.o
                0x00001298                UART0_DriverIRQHandler
 .text.PIT_GetInstance
                0x000012b4       0x28 ./drivers/fsl_pit.o
 .text.PIT_Init
                0x000012dc       0x54 ./drivers/fsl_pit.o
                0x000012dc                PIT_Init
 .text.SPI0_DriverIRQHandler
                0x00001330       0x3c ./drivers/fsl_spi.o
                0x00001330                SPI0_DriverIRQHandler
 .text.SPI1_DriverIRQHandler
                0x0000136c       0x3c ./drivers/fsl_spi.o
                0x0000136c                SPI1_DriverIRQHandler
 .text.UART_GetInstance
                0x000013a8       0x3c ./drivers/fsl_uart.o
                0x000013a8                UART_GetInstance
 .text.UART_Init
                0x000013e4      0x110 ./drivers/fsl_uart.o
                0x000013e4                UART_Init
 .text.UART_GetDefaultConfig
                0x000014f4       0x34 ./drivers/fsl_uart.o
                0x000014f4                UART_GetDefaultConfig
 .text.UART_WriteBlocking
                0x00001528       0x18 ./drivers/fsl_uart.o
                0x00001528                UART_WriteBlocking
 .text.UART_ReadBlocking
                0x00001540       0x74 ./drivers/fsl_uart.o
                0x00001540                UART_ReadBlocking
 .text.UART1_DriverIRQHandler
                0x000015b4       0x1c ./drivers/fsl_uart.o
                0x000015b4                UART1_DriverIRQHandler
 .text.UART2_DriverIRQHandler
                0x000015d0       0x1c ./drivers/fsl_uart.o
                0x000015d0                UART2_DriverIRQHandler
 .text.BOARD_InitDebugConsole
                0x000015ec       0x38 ./board/board.o
                0x000015ec                BOARD_InitDebugConsole
 .text.BOARD_InitOsc0
                0x00001624       0x28 ./board/clock_config.o
                0x00001624                BOARD_InitOsc0
 .text.BOARD_BootClockRUN
                0x0000164c       0x60 ./board/clock_config.o
                0x0000164c                BOARD_BootClockRUN
 .text.BOARD_InitPins
                0x000016ac       0x30 ./board/pin_mux.o
                0x000016ac                BOARD_InitPins
 .text.apptask_5ms
                0x000016dc        0x2 ./apptasks/apptasks.o
                0x000016dc                apptask_5ms
 .text.apptask_20ms
                0x000016de        0x2 ./apptasks/apptasks.o
                0x000016de                apptask_20ms
 .text.apptask_100ms
                0x000016e0        0x2 ./apptasks/apptasks.o
                0x000016e0                apptask_100ms
 .text.apptask_1s
                0x000016e2        0x2 ./apptasks/apptasks.o
                0x000016e2                apptask_1s
 .text.Schr_Init
                0x000016e4       0x50 ./Schr/Schr.o
                0x000016e4                Schr_Init
 .text.Schr_Exec
                0x00001734       0x60 ./Schr/Schr.o
                0x00001734                Schr_Exec
 .text.PIT_IRQHandler
                0x00001794       0x2c ./Schr/Schr.o
                0x00001794                PIT_IRQHandler
 .text.InitApp2
                0x000017c0        0x8 ./InitApp/Initapp.o
                0x000017c0                InitApp2
 .text.TestPin_Cfg
                0x000017c8       0x1c ./InitApp/Initapp.o
                0x000017c8                TestPin_Cfg
 .text.TestPin_Setup
                0x000017e4       0x40 ./InitApp/Initapp.o
                0x000017e4                TestPin_Setup
 .text.InitApp1
                0x00001824       0x20 ./InitApp/Initapp.o
                0x00001824                InitApp1
 .text.exit     0x00001844       0x2c c:/freescale/kds_v3/toolchain/bin/../lib/gcc/arm-none-eabi/4.8.4/../../../../arm-none-eabi/lib/armv6-m\libg_s.a(lib_a-exit.o)
                0x00001844                exit
 .text.__libc_init_array
                0x00001870       0x4c c:/freescale/kds_v3/toolchain/bin/../lib/gcc/arm-none-eabi/4.8.4/../../../../arm-none-eabi/lib/armv6-m\libg_s.a(lib_a-init.o)
                0x00001870                __libc_init_array
 .text.memset   0x000018bc       0x10 c:/freescale/kds_v3/toolchain/bin/../lib/gcc/arm-none-eabi/4.8.4/../../../../arm-none-eabi/lib/armv6-m\libg_s.a(lib_a-memset.o)
                0x000018bc                memset
 .text.strlen   0x000018cc        0xe c:/freescale/kds_v3/toolchain/bin/../lib/gcc/arm-none-eabi/4.8.4/../../../../arm-none-eabi/lib/armv6-m\libg_s.a(lib_a-strlen.o)
                0x000018cc                strlen
 *fill*         0x000018da        0x2 
 .text._exit    0x000018dc        0x4 c:/freescale/kds_v3/toolchain/bin/../lib/gcc/arm-none-eabi/4.8.4/../../../../arm-none-eabi/lib/armv6-m\libnosys.a(_exit.o)
                0x000018dc                _exit
 *(.rodata)
 .rodata        0x000018e0       0x18 ./board/clock_config.o
 *(.rodata*)
 .rodata.__func__.6003
                0x000018f8       0x14 ./drivers/fsl_clock.o
 .rodata.str1.1
                0x0000190c       0x37 ./drivers/fsl_clock.o
 .rodata.__func__.5638
                0x00001943       0x17 ./drivers/fsl_clock.o
 .rodata.fllFactorTable.5751
                0x0000195a       0x10 ./drivers/fsl_clock.o
 .rodata.__func__.5809
                0x0000196a       0x11 ./drivers/fsl_clock.o
 .rodata.str1.1
                0x0000197b       0x3e ./drivers/fsl_common.o
 .rodata.__func__.5776
                0x000019b9       0x1c ./drivers/fsl_dma.o
 .rodata.str1.1
                0x000019d5      0x12f ./drivers/fsl_dma.o
 .rodata.__func__.5908
                0x00001b04        0xe ./drivers/fsl_dma.o
 .rodata.__func__.5664
                0x00001b12        0xd ./drivers/fsl_gpio.o
 .rodata.str1.1
                0x00001b1f       0x3c ./drivers/fsl_gpio.o
                                 0x43 (size before relaxing)
 .rodata.__func__.5822
                0x00001b5b       0x12 ./drivers/fsl_lpsci.o
 .rodata.__func__.5879
                0x00001b6d       0x17 ./drivers/fsl_lpsci.o
 .rodata.__func__.5936
                0x00001b84       0x13 ./drivers/fsl_lpsci.o
 .rodata.str1.1
                0x00001b97       0x85 ./drivers/fsl_lpsci.o
                                 0xa3 (size before relaxing)
 .rodata.__func__.5858
                0x00001c1c        0xb ./drivers/fsl_lpsci.o
 .rodata.__func__.5924
                0x00001c27       0x14 ./drivers/fsl_lpsci.o
 .rodata.str1.1
                0x00001c3b       0x3a ./drivers/fsl_pit.o
                                 0x41 (size before relaxing)
 .rodata.__func__.5691
                0x00001c75       0x10 ./drivers/fsl_pit.o
 .rodata.__func__.5696
                0x00001c85        0x9 ./drivers/fsl_pit.o
 .rodata.__func__.5994
                0x00001c8e       0x16 ./drivers/fsl_spi.o
 .rodata.__func__.5998
                0x00001ca4       0x16 ./drivers/fsl_spi.o
 .rodata.str1.1
                0x00001cba       0x7d ./drivers/fsl_spi.o
                                 0x90 (size before relaxing)
 .rodata.__func__.5825
                0x00001d37       0x11 ./drivers/fsl_uart.o
 .rodata.__func__.5841
                0x00001d48        0xa ./drivers/fsl_uart.o
 .rodata.str1.1
                0x00001d52       0x30 ./drivers/fsl_uart.o
                                 0x95 (size before relaxing)
 .rodata.__func__.5854
                0x00001d82       0x16 ./drivers/fsl_uart.o
 .rodata.__func__.5912
                0x00001d98       0x12 ./drivers/fsl_uart.o
 *fill*         0x00001daa        0x2 
 .rodata.s_uartClock
                0x00001dac        0xc ./drivers/fsl_uart.o
 .rodata.cps_mngTaskList
                0x00001db8       0x30 ./Schr/Schr.o
                0x00001db8                cps_mngTaskList
 .rodata.str1.1
                0x00001de8        0x2 c:/freescale/kds_v3/toolchain/bin/../lib/gcc/arm-none-eabi/4.8.4/../../../../arm-none-eabi/lib/armv6-m\libg_s.a(lib_a-impure.o)
 *fill*         0x00001dea        0x2 
 .rodata._global_impure_ptr
                0x00001dec        0x4 c:/freescale/kds_v3/toolchain/bin/../lib/gcc/arm-none-eabi/4.8.4/../../../../arm-none-eabi/lib/armv6-m\libg_s.a(lib_a-impure.o)
                0x00001dec                _global_impure_ptr
 *(.glue_7)
 .glue_7        0x00000000        0x0 linker stubs
 *(.glue_7t)
 .glue_7t       0x00000000        0x0 linker stubs
 *(.eh_frame)
 .eh_frame      0x00001df0        0x0 c:/freescale/kds_v3/toolchain/bin/../lib/gcc/arm-none-eabi/4.8.4/armv6-m/crtbegin.o
 *(.init)
 .init          0x00001df0        0x4 c:/freescale/kds_v3/toolchain/bin/../lib/gcc/arm-none-eabi/4.8.4/armv6-m/crti.o
                0x00001df0                _init
 .init          0x00001df4        0x8 c:/freescale/kds_v3/toolchain/bin/../lib/gcc/arm-none-eabi/4.8.4/armv6-m/crtn.o
 *(.fini)
 .fini          0x00001dfc        0x4 c:/freescale/kds_v3/toolchain/bin/../lib/gcc/arm-none-eabi/4.8.4/armv6-m/crti.o
                0x00001dfc                _fini
 .fini          0x00001e00        0x8 c:/freescale/kds_v3/toolchain/bin/../lib/gcc/arm-none-eabi/4.8.4/armv6-m/crtn.o
                0x00001e08                . = ALIGN (0x4)

.vfp11_veneer   0x00001e08        0x0
 .vfp11_veneer  0x00000000        0x0 linker stubs

.v4_bx          0x00001e08        0x0
 .v4_bx         0x00000000        0x0 linker stubs

.iplt           0x00001e08        0x0
 .iplt          0x00000000        0x0 c:/freescale/kds_v3/toolchain/bin/../lib/gcc/arm-none-eabi/4.8.4/armv6-m/crtbegin.o

.ARM.extab
 *(.ARM.extab* .gnu.linkonce.armextab.*)

.ARM            0x00001e08        0x8
                0x00001e08                __exidx_start = .
 *(.ARM.exidx*)
 .ARM.exidx     0x00001e08        0x8 c:/freescale/kds_v3/toolchain/bin/../lib/gcc/arm-none-eabi/4.8.4/../../../../arm-none-eabi/lib/armv6-m/crt0.o
                0x00001e10                __exidx_end = .

.rel.dyn        0x00001e10        0x0
 .rel.iplt      0x00000000        0x0 c:/freescale/kds_v3/toolchain/bin/../lib/gcc/arm-none-eabi/4.8.4/armv6-m/crtbegin.o

.ctors          0x00001e10        0x0
                0x00001e10                __CTOR_LIST__ = .
 *crtbegin.o(.ctors)
 *crtbegin?.o(.ctors)
 *(EXCLUDE_FILE(*crtend.o *crtend?.o) .ctors)
 *(SORT(.ctors.*))
 *(.ctors)
                0x00001e10                __CTOR_END__ = .

.dtors          0x00001e10        0x0
                0x00001e10                __DTOR_LIST__ = .
 *crtbegin.o(.dtors)
 *crtbegin?.o(.dtors)
 *(EXCLUDE_FILE(*crtend.o *crtend?.o) .dtors)
 *(SORT(.dtors.*))
 *(.dtors)
                0x00001e10                __DTOR_END__ = .

.preinit_array  0x00001e10        0x0
                0x00001e10                PROVIDE (__preinit_array_start, .)
 *(.preinit_array*)
                0x00001e10                PROVIDE (__preinit_array_end, .)

.init_array     0x00001e10        0x4
                0x00001e10                PROVIDE (__init_array_start, .)
 *(SORT(.init_array.*))
 *(.init_array*)
 .init_array    0x00001e10        0x4 c:/freescale/kds_v3/toolchain/bin/../lib/gcc/arm-none-eabi/4.8.4/armv6-m/crtbegin.o
                0x00001e14                PROVIDE (__init_array_end, .)

.fini_array     0x00001e14        0x4
                0x00001e14                PROVIDE (__fini_array_start, .)
 *(SORT(.fini_array.*))
 *(.fini_array*)
 .fini_array    0x00001e14        0x4 c:/freescale/kds_v3/toolchain/bin/../lib/gcc/arm-none-eabi/4.8.4/armv6-m/crtbegin.o
                0x00001e18                PROVIDE (__fini_array_end, .)
                0x00001e18                __etext = .
                0x00001e18                __DATA_ROM = .

.mtb            0x1ffff000        0x0
                0x1ffff000                . = ALIGN (0x8)
                0x1ffff000                _mtb_start = .
 *(.mtb_buf)
                0x1ffff000                . = ALIGN (0x8)
                0x1ffff000                _mtb_end = .

.interrupts_ram
                0x1ffff000        0x0
                0x1ffff000                . = ALIGN (0x4)
                0x1ffff000                __VECTOR_RAM__ = .
                0x1ffff000                __interrupts_ram_start__ = .
 *(.m_interrupts_ram)
                0x1ffff000                . = (. + M_VECTOR_RAM_SIZE)
                0x1ffff000                . = ALIGN (0x4)
                0x1ffff000                __interrupts_ram_end__ = .
                0x00000000                __VECTOR_RAM = DEFINED (__ram_vector_table__)?__VECTOR_RAM__:ORIGIN (m_interrupts)
                0x00000000                __RAM_VECTOR_TABLE_SIZE_BYTES = DEFINED (__ram_vector_table__)?(__interrupts_ram_end__ - __interrupts_ram_start__):0x0

.data           0x1ffff000       0x74 load address 0x00001e18
                0x1ffff000                . = ALIGN (0x4)
                0x1ffff000                __DATA_RAM = .
                0x1ffff000                __data_start__ = .
 *(.data)
 *(.data*)
 .data.SystemCoreClock
                0x1ffff000        0x4 ./startup/system_MKL25Z4.o
                0x1ffff000                SystemCoreClock
 .data.s_slowIrcFreq
                0x1ffff004        0x4 ./drivers/fsl_clock.o
 .data.s_fastIrcFreq
                0x1ffff008        0x4 ./drivers/fsl_clock.o
 .data.value    0x1ffff00c        0x1 ./Schr/Schr.o
                0x1ffff00c                value
 *fill*         0x1ffff00d        0x3 
 .data.impure_data
                0x1ffff010       0x60 c:/freescale/kds_v3/toolchain/bin/../lib/gcc/arm-none-eabi/4.8.4/../../../../arm-none-eabi/lib/armv6-m\libg_s.a(lib_a-impure.o)
 *(.jcr*)
 .jcr           0x1ffff070        0x0 c:/freescale/kds_v3/toolchain/bin/../lib/gcc/arm-none-eabi/4.8.4/armv6-m/crtbegin.o
 .jcr           0x1ffff070        0x4 c:/freescale/kds_v3/toolchain/bin/../lib/gcc/arm-none-eabi/4.8.4/armv6-m/crtend.o
                0x1ffff074                . = ALIGN (0x4)
                0x1ffff074                __data_end__ = .
                0x00001e8c                __DATA_END = (__DATA_ROM + (__data_end__ - __data_start__))
                0x00020000                text_end = (ORIGIN (m_text) + 0x1fbf0)
                0x00000001                ASSERT ((__DATA_END <= text_end), region m_text overflowed with text and data)
                0x00000800                USB_RAM_GAP = DEFINED (__usb_ram_size__)?__usb_ram_size__:0x800

.igot.plt       0x1ffff074        0x0 load address 0x00001e8c
 .igot.plt      0x00000000        0x0 c:/freescale/kds_v3/toolchain/bin/../lib/gcc/arm-none-eabi/4.8.4/armv6-m/crtbegin.o

.bss            0x1ffff074      0x99c load address 0x00001e8c
                0x1ffff074                . = ALIGN (0x4)
                0x1ffff074                __START_BSS = .
                0x1ffff074                __bss_start__ = .
 *(.bss)
 .bss           0x1ffff074       0x1c c:/freescale/kds_v3/toolchain/bin/../lib/gcc/arm-none-eabi/4.8.4/armv6-m/crtbegin.o
 *(.bss*)
 .bss.s_debugConsole
                0x1ffff090       0x10 ./utilities/fsl_debug_console.o
 .bss.s_DMAHandle
                0x1ffff0a0       0x10 ./drivers/fsl_dma.o
 .bss.s_i2cHandle
                0x1ffff0b0        0x8 ./drivers/fsl_i2c.o
 .bss.s_i2cMasterIsr
                0x1ffff0b8        0x4 ./drivers/fsl_i2c.o
 .bss.s_i2cSlaveIsr
                0x1ffff0bc        0x4 ./drivers/fsl_i2c.o
 .bss.s_lpsciIsr
                0x1ffff0c0        0x4 ./drivers/fsl_lpsci.o
 .bss.s_lpsciHandle
                0x1ffff0c4        0x4 ./drivers/fsl_lpsci.o
 .bss.s_spiIsr  0x1ffff0c8        0x4 ./drivers/fsl_spi.o
 .bss.s_spiHandle
                0x1ffff0cc        0x8 ./drivers/fsl_spi.o
 .bss.s_uartIsr
                0x1ffff0d4        0x4 ./drivers/fsl_uart.o
 .bss.s_uartHandle
                0x1ffff0d8        0xc ./drivers/fsl_uart.o
                0x1ffff200                . = ALIGN (0x200)
 *fill*         0x1ffff0e4      0x11c 
                0x1ffff200                USB_RAM_START = .
                0x1ffffa00                . = (. + USB_RAM_GAP)
 *fill*         0x1ffff200      0x800 
 *(COMMON)
 COMMON         0x1ffffa00        0x8 ./drivers/fsl_clock.o
                0x1ffffa00                g_xtal32Freq
                0x1ffffa04                g_xtal0Freq
 COMMON         0x1ffffa08        0x2 ./Schr/Schr.o
                0x1ffffa08                ruw_curOpMode
 COMMON         0x1ffffa0a        0x1 ./Schr/schm_trm_isr.o
                0x1ffffa0a                re_mngExecflag
 *fill*         0x1ffffa0b        0x1 
 COMMON         0x1ffffa0c        0x4 ./InitApp/Initapp.o
                0x1ffffa0c                Test_PIN_Setup
                0x1ffffa0e                Test_PIN
                0x1ffffa10                . = ALIGN (0x4)
                0x1ffffa10                __bss_end__ = .
                0x1ffffa10                __END_BSS = .

.heap           0x1ffffa10      0x400 load address 0x00002828
                0x1ffffa10                . = ALIGN (0x8)
                0x1ffffa10                __end__ = .
                0x1ffffa10                PROVIDE (end, .)
                0x1ffffa10                __HeapBase = .
                0x1ffffe10                . = (. + HEAP_SIZE)
 *fill*         0x1ffffa10      0x400 
                0x1ffffe10                __HeapLimit = .
                0x1ffffe10                __heap_limit = .

.stack          0x1ffffe10      0x400 load address 0x00002c28
                0x1ffffe10                . = ALIGN (0x8)
                0x20000210                . = (. + STACK_SIZE)
 *fill*         0x1ffffe10      0x400 

m_usb_bdt       0x1ffff200        0x0
 *(m_usb_bdt)
                0x1ffff200                USB_RAM_BDT_END = .

m_usb_global
 *(m_usb_global)
                0x20003000                __StackTop = (ORIGIN (m_data) + 0x4000)
                0x20002c00                __StackLimit = (__StackTop - STACK_SIZE)
                0x20003000                PROVIDE (__stack, __StackTop)

.ARM.attributes
                0x00000000       0x28
 *(.ARM.attributes)
 .ARM.attributes
                0x00000000       0x1e c:/freescale/kds_v3/toolchain/bin/../lib/gcc/arm-none-eabi/4.8.4/armv6-m/crti.o
 .ARM.attributes
                0x0000001e       0x2c c:/freescale/kds_v3/toolchain/bin/../lib/gcc/arm-none-eabi/4.8.4/armv6-m/crtbegin.o
 .ARM.attributes
                0x0000004a       0x1b c:/freescale/kds_v3/toolchain/bin/../lib/gcc/arm-none-eabi/4.8.4/../../../../arm-none-eabi/lib/armv6-m/crt0.o
 .ARM.attributes
                0x00000065       0x32 ./utilities/fsl_debug_console.o
 .ARM.attributes
                0x00000097       0x1b ./startup/startup_MKL25Z4.o
 .ARM.attributes
                0x000000b2       0x32 ./startup/system_MKL25Z4.o
 .ARM.attributes
                0x000000e4       0x32 ./source/main.o
 .ARM.attributes
                0x00000116       0x32 ./drivers/fsl_clock.o
 .ARM.attributes
                0x00000148       0x32 ./drivers/fsl_common.o
 .ARM.attributes
                0x0000017a       0x32 ./drivers/fsl_dma.o
 .ARM.attributes
                0x000001ac       0x32 ./drivers/fsl_gpio.o
 .ARM.attributes
                0x000001de       0x32 ./drivers/fsl_i2c.o
 .ARM.attributes
                0x00000210       0x32 ./drivers/fsl_lpsci.o
 .ARM.attributes
                0x00000242       0x32 ./drivers/fsl_pit.o
 .ARM.attributes
                0x00000274       0x32 ./drivers/fsl_spi.o
 .ARM.attributes
                0x000002a6       0x32 ./drivers/fsl_uart.o
 .ARM.attributes
                0x000002d8       0x32 ./board/board.o
 .ARM.attributes
                0x0000030a       0x32 ./board/clock_config.o
 .ARM.attributes
                0x0000033c       0x32 ./board/pin_mux.o
 .ARM.attributes
                0x0000036e       0x32 ./apptasks/apptasks.o
 .ARM.attributes
                0x000003a0       0x32 ./Schr/Schr.o
 .ARM.attributes
                0x000003d2       0x32 ./Schr/schm_trm_isr.o
 .ARM.attributes
                0x00000404       0x32 ./InitApp/Initapp.o
 .ARM.attributes
                0x00000436       0x1e c:/freescale/kds_v3/toolchain/bin/../lib/gcc/arm-none-eabi/4.8.4/armv6-m\libgcc.a(_udivsi3.o)
 .ARM.attributes
                0x00000454       0x1e c:/freescale/kds_v3/toolchain/bin/../lib/gcc/arm-none-eabi/4.8.4/armv6-m\libgcc.a(_divsi3.o)
 .ARM.attributes
                0x00000472       0x1e c:/freescale/kds_v3/toolchain/bin/../lib/gcc/arm-none-eabi/4.8.4/armv6-m\libgcc.a(_dvmd_tls.o)
 .ARM.attributes
                0x00000490       0x2c c:/freescale/kds_v3/toolchain/bin/../lib/gcc/arm-none-eabi/4.8.4/../../../../arm-none-eabi/lib/armv6-m\libg_s.a(lib_a-exit.o)
 .ARM.attributes
                0x000004bc       0x2c c:/freescale/kds_v3/toolchain/bin/../lib/gcc/arm-none-eabi/4.8.4/../../../../arm-none-eabi/lib/armv6-m\libg_s.a(lib_a-impure.o)
 .ARM.attributes
                0x000004e8       0x2c c:/freescale/kds_v3/toolchain/bin/../lib/gcc/arm-none-eabi/4.8.4/../../../../arm-none-eabi/lib/armv6-m\libg_s.a(lib_a-init.o)
 .ARM.attributes
                0x00000514       0x2c c:/freescale/kds_v3/toolchain/bin/../lib/gcc/arm-none-eabi/4.8.4/../../../../arm-none-eabi/lib/armv6-m\libg_s.a(lib_a-memset.o)
 .ARM.attributes
                0x00000540       0x2c c:/freescale/kds_v3/toolchain/bin/../lib/gcc/arm-none-eabi/4.8.4/../../../../arm-none-eabi/lib/armv6-m\libg_s.a(lib_a-strlen.o)
 .ARM.attributes
                0x0000056c       0x2c c:/freescale/kds_v3/toolchain/bin/../lib/gcc/arm-none-eabi/4.8.4/../../../../arm-none-eabi/lib/armv6-m\libnosys.a(_exit.o)
 .ARM.attributes
                0x00000598       0x2c c:/freescale/kds_v3/toolchain/bin/../lib/gcc/arm-none-eabi/4.8.4/armv6-m/crtend.o
 .ARM.attributes
                0x000005c4       0x1e c:/freescale/kds_v3/toolchain/bin/../lib/gcc/arm-none-eabi/4.8.4/armv6-m/crtn.o
                0x00000001                ASSERT ((__StackLimit >= __HeapLimit), region m_data overflowed with stack and heap)
OUTPUT(ERTSch.elf elf32-littlearm)

.debug_info     0x00000000     0xf822
 .debug_info    0x00000000     0x1301 ./utilities/fsl_debug_console.o
 .debug_info    0x00001301       0x74 ./startup/startup_MKL25Z4.o
 .debug_info    0x00001375      0x3e8 ./startup/system_MKL25Z4.o
 .debug_info    0x0000175d      0x120 ./source/main.o
 .debug_info    0x0000187d     0x1f65 ./drivers/fsl_clock.o
 .debug_info    0x000037e2      0x3af ./drivers/fsl_common.o
 .debug_info    0x00003b91     0x11f4 ./drivers/fsl_dma.o
 .debug_info    0x00004d85      0x630 ./drivers/fsl_gpio.o
 .debug_info    0x000053b5     0x2452 ./drivers/fsl_i2c.o
 .debug_info    0x00007807     0x1d35 ./drivers/fsl_lpsci.o
 .debug_info    0x0000953c      0x5fe ./drivers/fsl_pit.o
 .debug_info    0x00009b3a     0x1ad3 ./drivers/fsl_spi.o
 .debug_info    0x0000b60d     0x1cbd ./drivers/fsl_uart.o
 .debug_info    0x0000d2ca      0x422 ./board/board.o
 .debug_info    0x0000d6ec      0x820 ./board/clock_config.o
 .debug_info    0x0000df0c      0x39b ./board/pin_mux.o
 .debug_info    0x0000e2a7       0x6a ./apptasks/apptasks.o
 .debug_info    0x0000e311      0x9b0 ./Schr/Schr.o
 .debug_info    0x0000ecc1      0x1f7 ./Schr/schm_trm_isr.o
 .debug_info    0x0000eeb8      0x96a ./InitApp/Initapp.o

.debug_abbrev   0x00000000     0x2e61
 .debug_abbrev  0x00000000      0x384 ./utilities/fsl_debug_console.o
 .debug_abbrev  0x00000384       0x14 ./startup/startup_MKL25Z4.o
 .debug_abbrev  0x00000398      0x106 ./startup/system_MKL25Z4.o
 .debug_abbrev  0x0000049e       0x80 ./source/main.o
 .debug_abbrev  0x0000051e      0x44f ./drivers/fsl_clock.o
 .debug_abbrev  0x0000096d      0x17d ./drivers/fsl_common.o
 .debug_abbrev  0x00000aea      0x363 ./drivers/fsl_dma.o
 .debug_abbrev  0x00000e4d      0x257 ./drivers/fsl_gpio.o
 .debug_abbrev  0x000010a4      0x473 ./drivers/fsl_i2c.o
 .debug_abbrev  0x00001517      0x437 ./drivers/fsl_lpsci.o
 .debug_abbrev  0x0000194e      0x280 ./drivers/fsl_pit.o
 .debug_abbrev  0x00001bce      0x418 ./drivers/fsl_spi.o
 .debug_abbrev  0x00001fe6      0x425 ./drivers/fsl_uart.o
 .debug_abbrev  0x0000240b      0x175 ./board/board.o
 .debug_abbrev  0x00002580      0x212 ./board/clock_config.o
 .debug_abbrev  0x00002792      0x170 ./board/pin_mux.o
 .debug_abbrev  0x00002902       0x2c ./apptasks/apptasks.o
 .debug_abbrev  0x0000292e      0x22c ./Schr/Schr.o
 .debug_abbrev  0x00002b5a       0x7a ./Schr/schm_trm_isr.o
 .debug_abbrev  0x00002bd4      0x28d ./InitApp/Initapp.o

.debug_loc      0x00000000     0x96a2
 .debug_loc     0x00000000     0x1705 ./utilities/fsl_debug_console.o
 .debug_loc     0x00001705       0xc1 ./startup/system_MKL25Z4.o
 .debug_loc     0x000017c6     0x10e3 ./drivers/fsl_clock.o
 .debug_loc     0x000028a9       0xc9 ./drivers/fsl_common.o
 .debug_loc     0x00002972      0xbf9 ./drivers/fsl_dma.o
 .debug_loc     0x0000356b      0x311 ./drivers/fsl_gpio.o
 .debug_loc     0x0000387c     0x1d85 ./drivers/fsl_i2c.o
 .debug_loc     0x00005601     0x189d ./drivers/fsl_lpsci.o
 .debug_loc     0x00006e9e      0x1af ./drivers/fsl_pit.o
 .debug_loc     0x0000704d      0xec1 ./drivers/fsl_spi.o
 .debug_loc     0x00007f0e     0x173e ./drivers/fsl_uart.o
 .debug_loc     0x0000964c       0x1e ./board/board.o
 .debug_loc     0x0000966a       0x38 ./Schr/Schr.o

.debug_aranges  0x00000000      0x8b0
 .debug_aranges
                0x00000000       0x60 ./utilities/fsl_debug_console.o
 .debug_aranges
                0x00000060       0x20 ./startup/startup_MKL25Z4.o
 .debug_aranges
                0x00000080       0x28 ./startup/system_MKL25Z4.o
 .debug_aranges
                0x000000a8       0x20 ./source/main.o
 .debug_aranges
                0x000000c8      0x190 ./drivers/fsl_clock.o
 .debug_aranges
                0x00000258       0x28 ./drivers/fsl_common.o
 .debug_aranges
                0x00000280       0xa0 ./drivers/fsl_dma.o
 .debug_aranges
                0x00000320       0x38 ./drivers/fsl_gpio.o
 .debug_aranges
                0x00000358      0x128 ./drivers/fsl_i2c.o
 .debug_aranges
                0x00000480       0xe8 ./drivers/fsl_lpsci.o
 .debug_aranges
                0x00000568       0x38 ./drivers/fsl_pit.o
 .debug_aranges
                0x000005a0       0xe8 ./drivers/fsl_spi.o
 .debug_aranges
                0x00000688      0x100 ./drivers/fsl_uart.o
 .debug_aranges
                0x00000788       0x20 ./board/board.o
 .debug_aranges
                0x000007a8       0x30 ./board/clock_config.o
 .debug_aranges
                0x000007d8       0x20 ./board/pin_mux.o
 .debug_aranges
                0x000007f8       0x38 ./apptasks/apptasks.o
 .debug_aranges
                0x00000830       0x30 ./Schr/Schr.o
 .debug_aranges
                0x00000860       0x18 ./Schr/schm_trm_isr.o
 .debug_aranges
                0x00000878       0x38 ./InitApp/Initapp.o

.debug_ranges   0x00000000      0xa38
 .debug_ranges  0x00000000       0xd0 ./utilities/fsl_debug_console.o
 .debug_ranges  0x000000d0       0x18 ./startup/system_MKL25Z4.o
 .debug_ranges  0x000000e8       0x10 ./source/main.o
 .debug_ranges  0x000000f8      0x1c8 ./drivers/fsl_clock.o
 .debug_ranges  0x000002c0       0x18 ./drivers/fsl_common.o
 .debug_ranges  0x000002d8       0xa8 ./drivers/fsl_dma.o
 .debug_ranges  0x00000380       0x28 ./drivers/fsl_gpio.o
 .debug_ranges  0x000003a8      0x1c0 ./drivers/fsl_i2c.o
 .debug_ranges  0x00000568      0x120 ./drivers/fsl_lpsci.o
 .debug_ranges  0x00000688       0x40 ./drivers/fsl_pit.o
 .debug_ranges  0x000006c8       0xf8 ./drivers/fsl_spi.o
 .debug_ranges  0x000007c0      0x120 ./drivers/fsl_uart.o
 .debug_ranges  0x000008e0       0x28 ./board/board.o
 .debug_ranges  0x00000908       0x80 ./board/clock_config.o
 .debug_ranges  0x00000988       0x28 ./board/pin_mux.o
 .debug_ranges  0x000009b0       0x28 ./apptasks/apptasks.o
 .debug_ranges  0x000009d8       0x20 ./Schr/Schr.o
 .debug_ranges  0x000009f8       0x40 ./InitApp/Initapp.o

.debug_line     0x00000000     0x3b86
 .debug_line    0x00000000      0x4c4 ./utilities/fsl_debug_console.o
 .debug_line    0x000004c4       0xc7 ./startup/startup_MKL25Z4.o
 .debug_line    0x0000058b      0x141 ./startup/system_MKL25Z4.o
 .debug_line    0x000006cc      0x19b ./source/main.o
 .debug_line    0x00000867      0x7a8 ./drivers/fsl_clock.o
 .debug_line    0x0000100f      0x190 ./drivers/fsl_common.o
 .debug_line    0x0000119f      0x386 ./drivers/fsl_dma.o
 .debug_line    0x00001525      0x184 ./drivers/fsl_gpio.o
 .debug_line    0x000016a9      0x847 ./drivers/fsl_i2c.o
 .debug_line    0x00001ef0      0x60a ./drivers/fsl_lpsci.o
 .debug_line    0x000024fa      0x185 ./drivers/fsl_pit.o
 .debug_line    0x0000267f      0x575 ./drivers/fsl_spi.o
 .debug_line    0x00002bf4      0x640 ./drivers/fsl_uart.o
 .debug_line    0x00003234      0x150 ./board/board.o
 .debug_line    0x00003384      0x1cc ./board/clock_config.o
 .debug_line    0x00003550      0x12e ./board/pin_mux.o
 .debug_line    0x0000367e       0x77 ./apptasks/apptasks.o
 .debug_line    0x000036f5      0x1b4 ./Schr/Schr.o
 .debug_line    0x000038a9       0xfb ./Schr/schm_trm_isr.o
 .debug_line    0x000039a4      0x1e2 ./InitApp/Initapp.o

.debug_str      0x00000000     0x54ad
 .debug_str     0x00000000      0xb95 ./utilities/fsl_debug_console.o
                                0xc56 (size before relaxing)
 .debug_str     0x00000b95      0x157 ./startup/system_MKL25Z4.o
                                0x2fe (size before relaxing)
 .debug_str     0x00000cec       0x6b ./source/main.o
                                0x215 (size before relaxing)
 .debug_str     0x00000d57      0xfa1 ./drivers/fsl_clock.o
                               0x167d (size before relaxing)
 .debug_str     0x00001cf8      0x2a6 ./drivers/fsl_common.o
                                0x47a (size before relaxing)
 .debug_str     0x00001f9e      0x7a9 ./drivers/fsl_dma.o
                                0xde4 (size before relaxing)
 .debug_str     0x00002747      0x177 ./drivers/fsl_gpio.o
                                0x68f (size before relaxing)
 .debug_str     0x000028be      0xb64 ./drivers/fsl_i2c.o
                               0x15a7 (size before relaxing)
 .debug_str     0x00003422      0x91f ./drivers/fsl_lpsci.o
                               0x148e (size before relaxing)
 .debug_str     0x00003d41       0xe4 ./drivers/fsl_pit.o
                                0x49a (size before relaxing)
 .debug_str     0x00003e25      0x6fd ./drivers/fsl_spi.o
                               0x1193 (size before relaxing)
 .debug_str     0x00004522      0x7c4 ./drivers/fsl_uart.o
                               0x149c (size before relaxing)
 .debug_str     0x00004ce6       0x35 ./board/board.o
                                0x32c (size before relaxing)
 .debug_str     0x00004d1b      0x251 ./board/clock_config.o
                                0x7b7 (size before relaxing)
 .debug_str     0x00004f6c       0xb5 ./board/pin_mux.o
                                0x441 (size before relaxing)
 .debug_str     0x00005021       0x49 ./apptasks/apptasks.o
                                0x134 (size before relaxing)
 .debug_str     0x0000506a      0x265 ./Schr/Schr.o
                                0xa9d (size before relaxing)
 .debug_str     0x000052cf       0x17 ./Schr/schm_trm_isr.o
                                0x553 (size before relaxing)
 .debug_str     0x000052e6      0x1c7 ./InitApp/Initapp.o
                                0xaf9 (size before relaxing)

.comment        0x00000000       0x70
 .comment       0x00000000       0x70 ./utilities/fsl_debug_console.o
                                 0x71 (size before relaxing)
 .comment       0x00000000       0x71 ./startup/system_MKL25Z4.o
 .comment       0x00000000       0x71 ./source/main.o
 .comment       0x00000000       0x71 ./drivers/fsl_clock.o
 .comment       0x00000000       0x71 ./drivers/fsl_common.o
 .comment       0x00000000       0x71 ./drivers/fsl_dma.o
 .comment       0x00000000       0x71 ./drivers/fsl_gpio.o
 .comment       0x00000000       0x71 ./drivers/fsl_i2c.o
 .comment       0x00000000       0x71 ./drivers/fsl_lpsci.o
 .comment       0x00000000       0x71 ./drivers/fsl_pit.o
 .comment       0x00000000       0x71 ./drivers/fsl_spi.o
 .comment       0x00000000       0x71 ./drivers/fsl_uart.o
 .comment       0x00000000       0x71 ./board/board.o
 .comment       0x00000000       0x71 ./board/clock_config.o
 .comment       0x00000000       0x71 ./board/pin_mux.o
 .comment       0x00000000       0x71 ./apptasks/apptasks.o
 .comment       0x00000000       0x71 ./Schr/Schr.o
 .comment       0x00000000       0x71 ./Schr/schm_trm_isr.o
 .comment       0x00000000       0x71 ./InitApp/Initapp.o

.debug_frame    0x00000000     0x16ec
 .debug_frame   0x00000000      0x10c ./utilities/fsl_debug_console.o
 .debug_frame   0x0000010c       0x3c ./startup/system_MKL25Z4.o
 .debug_frame   0x00000148       0x28 ./source/main.o
 .debug_frame   0x00000170      0x484 ./drivers/fsl_clock.o
 .debug_frame   0x000005f4       0x54 ./drivers/fsl_common.o
 .debug_frame   0x00000648      0x1bc ./drivers/fsl_dma.o
 .debug_frame   0x00000804       0x70 ./drivers/fsl_gpio.o
 .debug_frame   0x00000874      0x37c ./drivers/fsl_i2c.o
 .debug_frame   0x00000bf0      0x280 ./drivers/fsl_lpsci.o
 .debug_frame   0x00000e70       0x78 ./drivers/fsl_pit.o
 .debug_frame   0x00000ee8      0x280 ./drivers/fsl_spi.o
 .debug_frame   0x00001168      0x2c8 ./drivers/fsl_uart.o
 .debug_frame   0x00001430       0x28 ./board/board.o
 .debug_frame   0x00001458       0x6c ./board/clock_config.o
 .debug_frame   0x000014c4       0x20 ./board/pin_mux.o
 .debug_frame   0x000014e4       0x50 ./apptasks/apptasks.o
 .debug_frame   0x00001534       0x5c ./Schr/Schr.o
 .debug_frame   0x00001590       0x68 ./InitApp/Initapp.o
 .debug_frame   0x000015f8       0x20 c:/freescale/kds_v3/toolchain/bin/../lib/gcc/arm-none-eabi/4.8.4/armv6-m\libgcc.a(_udivsi3.o)
 .debug_frame   0x00001618       0x20 c:/freescale/kds_v3/toolchain/bin/../lib/gcc/arm-none-eabi/4.8.4/armv6-m\libgcc.a(_divsi3.o)
 .debug_frame   0x00001638       0x28 c:/freescale/kds_v3/toolchain/bin/../lib/gcc/arm-none-eabi/4.8.4/../../../../arm-none-eabi/lib/armv6-m\libg_s.a(lib_a-exit.o)
 .debug_frame   0x00001660       0x2c c:/freescale/kds_v3/toolchain/bin/../lib/gcc/arm-none-eabi/4.8.4/../../../../arm-none-eabi/lib/armv6-m\libg_s.a(lib_a-init.o)
 .debug_frame   0x0000168c       0x20 c:/freescale/kds_v3/toolchain/bin/../lib/gcc/arm-none-eabi/4.8.4/../../../../arm-none-eabi/lib/armv6-m\libg_s.a(lib_a-memset.o)
 .debug_frame   0x000016ac       0x20 c:/freescale/kds_v3/toolchain/bin/../lib/gcc/arm-none-eabi/4.8.4/../../../../arm-none-eabi/lib/armv6-m\libg_s.a(lib_a-strlen.o)
 .debug_frame   0x000016cc       0x20 c:/freescale/kds_v3/toolchain/bin/../lib/gcc/arm-none-eabi/4.8.4/../../../../arm-none-eabi/lib/armv6-m\libnosys.a(_exit.o)
